Archive member included to satisfy reference by file (symbol)

/home/martin/Desktop/OLSONET/PICOS/PicOS/CC13XX/CC13XXWARE/driverlib/bin/gcc/driverlib.lib(adi.o)
                              KTMP/analog_sensor.o (SafeHapiAuxAdiSelect)
/home/martin/Desktop/OLSONET/PICOS/PicOS/CC13XX/CC13XXWARE/driverlib/bin/gcc/driverlib.lib(aon_batmon.o)
                              KTMP/main.o (NOROM_AONBatMonTemperatureGetDegC)
/home/martin/Desktop/OLSONET/PICOS/PicOS/CC13XX/CC13XXWARE/driverlib/bin/gcc/driverlib.lib(aon_rtc.o)
                              KTMP/main.o (NOROM_AONRTCCurrent64BitValueGet)
/home/martin/Desktop/OLSONET/PICOS/PicOS/CC13XX/CC13XXWARE/driverlib/bin/gcc/driverlib.lib(aux_adc.o)
                              KTMP/analog_sensor.o (NOROM_AUXADCDisable)
/home/martin/Desktop/OLSONET/PICOS/PicOS/CC13XX/CC13XXWARE/driverlib/bin/gcc/driverlib.lib(cpu.o)
                              KTMP/main.o (NOROM_CPUcpsid)
/home/martin/Desktop/OLSONET/PICOS/PicOS/CC13XX/CC13XXWARE/driverlib/bin/gcc/driverlib.lib(osc.o)
                              KTMP/rfprop.o (NOROM_OSCHF_TurnOnXosc)
/home/martin/Desktop/OLSONET/PICOS/PicOS/CC13XX/CC13XXWARE/driverlib/bin/gcc/driverlib.lib(rfc.o)
                              KTMP/rfprop.o (NOROM_RFCDoorbellSendTo)
/home/martin/Desktop/OLSONET/PICOS/PicOS/CC13XX/CC13XXWARE/driverlib/bin/gcc/driverlib.lib(setup.o)
                              KTMP/startup_gcc.o (NOROM_SetupTrimDevice)
/home/martin/Desktop/OLSONET/PICOS/PicOS/CC13XX/CC13XXWARE/driverlib/bin/gcc/driverlib.lib(setup_rom.o)
                              /home/martin/Desktop/OLSONET/PICOS/PicOS/CC13XX/CC13XXWARE/driverlib/bin/gcc/driverlib.lib(setup.o) (NOROM_SetupAfterColdResetWakeupFromShutDownCfg1)
/home/martin/Desktop/OLSONET/PICOS/PicOS/CC13XX/CC13XXWARE/driverlib/bin/gcc/driverlib.lib(sys_ctrl.o)
                              KTMP/main.o (NOROM_SysCtrlSetRechargeBeforePowerDown)
/home/martin/Desktop/OLSONET/PICOS/PicOS/CC13XX/CC13XXWARE/driverlib/bin/gcc/driverlib.lib(chipinfo.o)
                              /home/martin/Desktop/OLSONET/PICOS/PicOS/CC13XX/CC13XXWARE/driverlib/bin/gcc/driverlib.lib(setup.o) (NOROM_ThisCodeIsBuiltForCC13xxHwRev20AndLater_HaltIfViolated)
/home/martin/Desktop/OLSONET/PICOS/PicOS/CC13XX/CC13XXWARE/driverlib/bin/gcc/driverlib.lib(ddi.o)
                              /home/martin/Desktop/OLSONET/PICOS/PicOS/CC13XX/CC13XXWARE/driverlib/bin/gcc/driverlib.lib(setup_rom.o) (NOROM_DDI32RegWrite)
/usr/lib/gcc/arm-none-eabi/9.2.1/../../../arm-none-eabi/lib/thumb/nofp/libg.a(lib_a-memcpy-stub.o)
                              KTMP/rfprop.o (memcpy)
/usr/lib/gcc/arm-none-eabi/9.2.1/../../../arm-none-eabi/lib/thumb/nofp/libg.a(lib_a-memset.o)
                              /home/martin/Desktop/OLSONET/PICOS/PicOS/CC13XX/CC13XXWARE/driverlib/bin/gcc/driverlib.lib(rfc.o) (memset)

Allocating common symbols
Common symbol       size              file

nodeId              0x1               KTMP/app.o
database            0x500             KTMP/app.o
__pi_uart           0x8               KTMP/main.o
system_event_count  0x4               KTMP/main.o
entropy             0x4               KTMP/kernel.o
__pi_mintk          0x2               KTMP/kernel.o
__pi_old            0x2               KTMP/kernel.o
__pi_systat         0x8               KTMP/kernel.o
groupId             0x2               KTMP/app.o
recordCount         0x4               KTMP/app.o
__pi_new            0x2               KTMP/kernel.o
__pi_utims          0x10              KTMP/kernel.o
__pi_curr           0x4               KTMP/kernel.o

Discarded input sections

 .text          0x0000000000000000        0x0 KTMP/app.o
 .data          0x0000000000000000        0x0 KTMP/app.o
 .bss           0x0000000000000000        0x0 KTMP/app.o
 .text.isValidNodeId
                0x0000000000000000        0xc KTMP/app.o
 .text          0x0000000000000000        0x0 KTMP/main.o
 .data          0x0000000000000000        0x0 KTMP/main.o
 .bss           0x0000000000000000        0x0 KTMP/main.o
 .text.__pi_offdomain
                0x0000000000000000       0x40 KTMP/main.o
 .text.reset    0x0000000000000000       0x20 KTMP/main.o
 .text.__pi_uart_getrate
                0x0000000000000000        0xc KTMP/main.o
 .text.setpowermode
                0x0000000000000000       0x24 KTMP/main.o
 .text.__pi_stackfree
                0x0000000000000000       0x28 KTMP/main.o
 .rodata.halt.str1.1
                0x0000000000000000        0xd KTMP/main.o
 .text.halt     0x0000000000000000       0x30 KTMP/main.o
 .text.__pi_batmon
                0x0000000000000000       0x5c KTMP/main.o
 .bss.where.5792
                0x0000000000000000        0x1 KTMP/main.o
 .text          0x0000000000000000        0x0 KTMP/kernel.o
 .data          0x0000000000000000        0x0 KTMP/kernel.o
 .bss           0x0000000000000000        0x0 KTMP/kernel.o
 .rodata.pidver.str1.1
                0x0000000000000000        0x4 KTMP/kernel.o
[...]
Memory Configuration

Name             Origin             Length             Attributes
FLASH            0x0000000000000000 0x000000000001ffa8 xr
FLASH_CCFG       0x000000000001ffa8 0x0000000000000058 xr
SRAM             0x0000000020000000 0x0000000000005000 xrw
GPRAM            0x0000000011000000 0x0000000000002000 xrw
*default*        0x0000000000000000 0xffffffffffffffff

Linker script and memory map

                0x0000000020005000                _estack = (ORIGIN (SRAM) + LENGTH (SRAM))
                0x0000000000000000                _Min_Heap_Size = 0x0
                0x0000000000000100                _Min_Stack_Size = 0x100

.text           0x0000000000000000     0x2c38
                0x0000000000000000                _text = .
 *(.vectors)
 .vectors       0x0000000000000000       0xc8 KTMP/startup_gcc.o
                0x0000000000000000                g_pfnVectors
 *(.text*)
 .text.root     0x00000000000000c8      0x138 KTMP/app.o
                0x00000000000000c8                root
 .text.devinit_uart
                0x0000000000000200        0xc KTMP/main.o
 .text.udelay   0x000000000000020c       0x2c KTMP/main.o
                0x000000000000020c                udelay
 .text.mdelay   0x0000000000000238       0x2a KTMP/main.o
                0x0000000000000238                mdelay
 *fill*         0x0000000000000262        0x2 00000000
 .text.__pi_ondomain
                0x0000000000000264       0x3c KTMP/main.o
                0x0000000000000264                __pi_ondomain
 .text.__pi_syserror
                0x00000000000002a0       0x54 KTMP/main.o
                0x00000000000002a0                __pi_syserror
 .text.tci_run_delay_timer
                0x00000000000002f4       0x40 KTMP/main.o
                0x00000000000002f4                tci_run_delay_timer
 .text.tci_run_auxiliary_timer
                0x0000000000000334       0x28 KTMP/main.o
                0x0000000000000334                tci_run_auxiliary_timer
 .text.AONRTCIntHandler
                0x000000000000035c      0x114 KTMP/main.o
                0x000000000000035c                AONRTCIntHandler
 .text.tci_update_delay_ticks
                0x0000000000000470       0x50 KTMP/main.o
                0x0000000000000470                tci_update_delay_ticks
 .text.__pi_uart_setrate
                0x00000000000004c0       0x54 KTMP/main.o
                0x00000000000004c0                __pi_uart_setrate
 .text.reinit_uart
                0x0000000000000514       0x38 KTMP/main.o
 .text.ioreq_uart_a
                0x000000000000054c      0x110 KTMP/main.o
 .text.UART0IntHandler
                0x000000000000065c       0xc0 KTMP/main.o
                0x000000000000065c                UART0IntHandler
 .text.__buttons_setirq
                0x000000000000071c       0x44 KTMP/main.o
                0x000000000000071c                __buttons_setirq
 .text.__pinlist_setirq
                0x0000000000000760       0x3c KTMP/main.o
                0x0000000000000760                __pinlist_setirq
 .text.GPIOIntHandler
                0x000000000000079c       0xa4 KTMP/main.o
                0x000000000000079c                GPIOIntHandler
 .text.system_init
                0x0000000000000840      0x1b8 KTMP/main.o
                0x0000000000000840                system_init
 .text.__pi_release
                0x00000000000009f8      0x258 KTMP/main.o
                0x00000000000009f8                __pi_release
 .text.startup.main
                0x0000000000000c50       0x60 KTMP/main.o
                0x0000000000000c50                main
 .text.killev   0x0000000000000cb0       0x3c KTMP/kernel.o
 .text.qfree    0x0000000000000cec       0x80 KTMP/kernel.o
 .text.dgout    0x0000000000000d6c       0x18 KTMP/kernel.o
 .text.__pi_badstate
                0x0000000000000d84       0x10 KTMP/kernel.o
                0x0000000000000d84                __pi_badstate
 .text.update_n_wake
                0x0000000000000d94       0xcc KTMP/kernel.o
                0x0000000000000d94                update_n_wake
 .text.proceed  0x0000000000000e60       0x14 KTMP/kernel.o
                0x0000000000000e60                proceed
 .text.__pi_wait
                0x0000000000000e74       0x34 KTMP/kernel.o
                0x0000000000000e74                __pi_wait
 .text.__pi_trigger
                0x0000000000000ea8       0x34 KTMP/kernel.o
                0x0000000000000ea8                __pi_trigger
 .text.__pi_join
                0x0000000000000edc       0x24 KTMP/kernel.o
                0x0000000000000edc                __pi_join
 .text.delay    0x0000000000000f00       0x38 KTMP/kernel.o
                0x0000000000000f00                delay
 .text.running  0x0000000000000f38       0x24 KTMP/kernel.o
                0x0000000000000f38                running
 .text.__pi_strlen
                0x0000000000000f5c        0xe KTMP/kernel.o
                0x0000000000000f5c                __pi_strlen
 *fill*         0x0000000000000f6a        0x2 00000000
 .text.adddevfunc
                0x0000000000000f6c       0x24 KTMP/kernel.o
                0x0000000000000f6c                adddevfunc
 .text.io       0x0000000000000f90       0x9c KTMP/kernel.o
                0x0000000000000f90                io
 .text.__pi_malloc_init
                0x000000000000102c       0x50 KTMP/kernel.o
                0x000000000000102c                __pi_malloc_init
 .text.__pi_free
                0x000000000000107c       0x48 KTMP/kernel.o
                0x000000000000107c                __pi_free
 .text.kill     0x00000000000010c4       0x50 KTMP/kernel.o
                0x00000000000010c4                kill
 .text.__pi_malloc
                0x0000000000001114       0xa8 KTMP/kernel.o
                0x0000000000001114                __pi_malloc
 .text.__pi_fork
                0x00000000000011bc       0x34 KTMP/kernel.o
                0x00000000000011bc                __pi_fork
 .text.__pi_waitmem
                0x00000000000011f0       0x18 KTMP/kernel.o
                0x00000000000011f0                __pi_waitmem
 .text.diag     0x0000000000001208      0x13c KTMP/kernel.o
                0x0000000000001208                diag
 .text.tcv_init
                0x0000000000001344        0x2 KTMP/tcv.o
                0x0000000000001344                tcv_init
 .text.NmiSRHandler
                0x0000000000001346        0x2 KTMP/startup_gcc.o
                0x0000000000001346                NmiSR
 .text.FaultISRHandler
                0x0000000000001348        0x2 KTMP/startup_gcc.o
                0x0000000000001348                FaultISR
 .text.IntDefaultHandler
                0x000000000000134a        0x2 KTMP/startup_gcc.o
                0x000000000000134a                TRNGIntHandler
                0x000000000000134a                SSI0IntHandler
                0x000000000000134a                SWEvent0IntHandler
                0x000000000000134a                uDMAIntHandler
                0x000000000000134a                WatchdogIntHandler
                0x000000000000134a                RFCHardwareIntHandler
                0x000000000000134a                Timer1BIntHandler
                0x000000000000134a                I2SIntHandler
                0x000000000000134a                Timer2BIntHandler
                0x000000000000134a                Timer2AIntHandler
                0x000000000000134a                Timer1AIntHandler
                0x000000000000134a                AONIntHandler
                0x000000000000134a                AUXSWEvent0IntHandler
                0x000000000000134a                AUXADCIntHandler
                0x000000000000134a                PendSVIntHandler
                0x000000000000134a                RFCCPE1IntHandler
                0x000000000000134a                AUXSWEvent1IntHandler
                0x000000000000134a                SVCallIntHandler
                0x000000000000134a                MPUFaultIntHandler
                0x000000000000134a                SysTickIntHandler
                0x000000000000134a                BusFaultIntHandler
                0x000000000000134a                AONProgIntHandler
                0x000000000000134a                AUXCompAIntHandler
                0x000000000000134a                SSI1IntHandler
                0x000000000000134a                FlashIntHandler
                0x000000000000134a                uDMAErrIntHandler
                0x000000000000134a                UsageFaultIntHandler
                0x000000000000134a                RFCCmdAckIntHandler
                0x000000000000134a                CryptoIntHandler
                0x000000000000134a                Timer0AIntHandler
                0x000000000000134a                I2CIntHandler
                0x000000000000134a                DebugMonIntHandler
                0x000000000000134a                Timer0BIntHandler
                0x000000000000134a                AUXCombEventIntHandler
                0x000000000000134a                Timer3AIntHandler
                0x000000000000134a                DynProgIntHandler
                0x000000000000134a                Timer3BIntHandler
 .text.ResetISR
                0x000000000000134c       0x4c KTMP/startup_gcc.o
                0x000000000000134c                ResetISR
 .text.get_byte
                0x0000000000001398       0x34 KTMP/storage_mx25r8035.o
 .text.put_byte
                0x00000000000013cc       0x30 KTMP/storage_mx25r8035.o
 .text.cmd_0    0x00000000000013fc       0x18 KTMP/storage_mx25r8035.o
 .text.wwait    0x0000000000001414       0x54 KTMP/storage_mx25r8035.o
 .text.ready    0x0000000000001468       0x40 KTMP/storage_mx25r8035.o
 .text.cclose   0x00000000000014a8       0x24 KTMP/storage_mx25r8035.o
 .text.ee_open  0x00000000000014cc       0x14 KTMP/storage_mx25r8035.o
                0x00000000000014cc                ee_open
 .text.ee_close
                0x00000000000014e0       0x14 KTMP/storage_mx25r8035.o
                0x00000000000014e0                ee_close
 .text.ser_outf
                0x00000000000014f4       0x54 KTMP/ser_outf.o
                0x00000000000014f4                ser_outf
 .text.ser_inf  0x0000000000001548       0x60 KTMP/ser_inf.o
                0x0000000000001548                ser_inf
 .text.RFCCPE0IntHandler
                0x00000000000015a8       0x70 KTMP/rfprop.o
                0x00000000000015a8                RFCCPE0IntHandler
 .text.__outserial
                0x0000000000001618       0x70 KTMP/__outserial.o
                0x0000000000001618                __outserial
 .text.__inserial
                0x0000000000001688      0x11c KTMP/__inserial.o
                0x0000000000001688                __inserial
 .text.outc.5724
                0x00000000000017a4       0x20 KTMP/vform.o
 .text.__pi_vfparse
                0x00000000000017c4      0x230 KTMP/vform.o
                0x00000000000017c4                __pi_vfparse
 .text.vform    0x00000000000019f4       0x50 KTMP/vform.o
                0x00000000000019f4                vform
 .text.vscan    0x0000000000001a44      0x390 KTMP/vscan.o
                0x0000000000001a44                vscan
 .text.NOROM_AONBatMonTemperatureGetDegC
                0x0000000000001dd4       0x30 /home/martin/Desktop/OLSONET/PICOS/PicOS/CC13XX/CC13XXWARE/driverlib/bin/gcc/driverlib.lib(aon_batmon.o)
                0x0000000000001dd4                NOROM_AONBatMonTemperatureGetDegC
 .text.NOROM_AONRTCCurrent64BitValueGet
                0x0000000000001e04       0x18 /home/martin/Desktop/OLSONET/PICOS/PicOS/CC13XX/CC13XXWARE/driverlib/bin/gcc/driverlib.lib(aon_rtc.o)
                0x0000000000001e04                NOROM_AONRTCCurrent64BitValueGet
 .text.NOROM_CPUcpsid
                0x0000000000001e1c        0x8 /home/martin/Desktop/OLSONET/PICOS/PicOS/CC13XX/CC13XXWARE/driverlib/bin/gcc/driverlib.lib(cpu.o)
                0x0000000000001e1c                NOROM_CPUcpsid
 .text.NOROM_CPUcpsie
                0x0000000000001e24        0x8 /home/martin/Desktop/OLSONET/PICOS/PicOS/CC13XX/CC13XXWARE/driverlib/bin/gcc/driverlib.lib(cpu.o)
                0x0000000000001e24                NOROM_CPUcpsie
 .text.NOROM_OSCClockSourceSet
                0x0000000000001e2c       0x5c /home/martin/Desktop/OLSONET/PICOS/PicOS/CC13XX/CC13XXWARE/driverlib/bin/gcc/driverlib.lib(osc.o)
                0x0000000000001e2c                NOROM_OSCClockSourceSet
 .text.NOROM_OSCClockSourceGet
                0x0000000000001e88       0x2c /home/martin/Desktop/OLSONET/PICOS/PicOS/CC13XX/CC13XXWARE/driverlib/bin/gcc/driverlib.lib(osc.o)
                0x0000000000001e88                NOROM_OSCClockSourceGet
 .text.TrimAfterColdResetWakeupFromShutDown
                0x0000000000001eb4       0xd4 /home/martin/Desktop/OLSONET/PICOS/PicOS/CC13XX/CC13XXWARE/driverlib/bin/gcc/driverlib.lib(setup.o)
 .text.NOROM_SetupTrimDevice
                0x0000000000001f88       0xa4 /home/martin/Desktop/OLSONET/PICOS/PicOS/CC13XX/CC13XXWARE/driverlib/bin/gcc/driverlib.lib(setup.o)
                0x0000000000001f88                NOROM_SetupTrimDevice
 .text.NOROM_SetupSetVddrLevel
                0x000000000000202c       0x7c /home/martin/Desktop/OLSONET/PICOS/PicOS/CC13XX/CC13XXWARE/driverlib/bin/gcc/driverlib.lib(setup_rom.o)
                0x000000000000202c                NOROM_SetupSetVddrLevel
 .text.NOROM_SetupAfterColdResetWakeupFromShutDownCfg1
                0x00000000000020a8       0xac /home/martin/Desktop/OLSONET/PICOS/PicOS/CC13XX/CC13XXWARE/driverlib/bin/gcc/driverlib.lib(setup_rom.o)
                0x00000000000020a8                NOROM_SetupAfterColdResetWakeupFromShutDownCfg1
 .text.NOROM_SetupGetTrimForAnabypassValue1
                0x0000000000002154       0x5c /home/martin/Desktop/OLSONET/PICOS/PicOS/CC13XX/CC13XXWARE/driverlib/bin/gcc/driverlib.lib(setup_rom.o)
                0x0000000000002154                NOROM_SetupGetTrimForAnabypassValue1
 .text.NOROM_SetupGetTrimForRcOscLfRtuneCtuneTrim
                0x00000000000021b0       0x18 /home/martin/Desktop/OLSONET/PICOS/PicOS/CC13XX/CC13XXWARE/driverlib/bin/gcc/driverlib.lib(setup_rom.o)
                0x00000000000021b0                NOROM_SetupGetTrimForRcOscLfRtuneCtuneTrim
 .text.NOROM_SetupGetTrimForAmpcompTh2
                0x00000000000021c8       0x10 /home/martin/Desktop/OLSONET/PICOS/PicOS/CC13XX/CC13XXWARE/driverlib/bin/gcc/driverlib.lib(setup_rom.o)
                0x00000000000021c8                NOROM_SetupGetTrimForAmpcompTh2
 .text.NOROM_SetupGetTrimForAmpcompTh1
                0x00000000000021d8       0x14 /home/martin/Desktop/OLSONET/PICOS/PicOS/CC13XX/CC13XXWARE/driverlib/bin/gcc/driverlib.lib(setup_rom.o)
                0x00000000000021d8                NOROM_SetupGetTrimForAmpcompTh1
 .text.NOROM_SetupGetTrimForAmpcompCtrl
                0x00000000000021ec       0x64 /home/martin/Desktop/OLSONET/PICOS/PicOS/CC13XX/CC13XXWARE/driverlib/bin/gcc/driverlib.lib(setup_rom.o)
                0x00000000000021ec                NOROM_SetupGetTrimForAmpcompCtrl
 .text.NOROM_SetupGetTrimForDblrLoopFilterResetVoltage
                0x0000000000002250       0x14 /home/martin/Desktop/OLSONET/PICOS/PicOS/CC13XX/CC13XXWARE/driverlib/bin/gcc/driverlib.lib(setup_rom.o)
                0x0000000000002250                NOROM_SetupGetTrimForDblrLoopFilterResetVoltage
 .text.NOROM_SetupGetTrimForAdcShModeEn
                0x0000000000002264       0x14 /home/martin/Desktop/OLSONET/PICOS/PicOS/CC13XX/CC13XXWARE/driverlib/bin/gcc/driverlib.lib(setup_rom.o)
                0x0000000000002264                NOROM_SetupGetTrimForAdcShModeEn
 .text.NOROM_SetupGetTrimForAdcShVbufEn
                0x0000000000002278       0x14 /home/martin/Desktop/OLSONET/PICOS/PicOS/CC13XX/CC13XXWARE/driverlib/bin/gcc/driverlib.lib(setup_rom.o)
                0x0000000000002278                NOROM_SetupGetTrimForAdcShVbufEn
 .text.NOROM_SetupGetTrimForXoscHfCtl
                0x000000000000228c       0x28 /home/martin/Desktop/OLSONET/PICOS/PicOS/CC13XX/CC13XXWARE/driverlib/bin/gcc/driverlib.lib(setup_rom.o)
                0x000000000000228c                NOROM_SetupGetTrimForXoscHfCtl
 .text.NOROM_SetupGetTrimForXoscHfFastStart
                0x00000000000022b4       0x10 /home/martin/Desktop/OLSONET/PICOS/PicOS/CC13XX/CC13XXWARE/driverlib/bin/gcc/driverlib.lib(setup_rom.o)
                0x00000000000022b4                NOROM_SetupGetTrimForXoscHfFastStart
 .text.NOROM_SetupGetTrimForRadcExtCfg
                0x00000000000022c4       0x2c /home/martin/Desktop/OLSONET/PICOS/PicOS/CC13XX/CC13XXWARE/driverlib/bin/gcc/driverlib.lib(setup_rom.o)
                0x00000000000022c4                NOROM_SetupGetTrimForRadcExtCfg
 .text.NOROM_SetupGetTrimForRcOscLfIBiasTrim
                0x00000000000022f0       0x14 /home/martin/Desktop/OLSONET/PICOS/PicOS/CC13XX/CC13XXWARE/driverlib/bin/gcc/driverlib.lib(setup_rom.o)
                0x00000000000022f0                NOROM_SetupGetTrimForRcOscLfIBiasTrim
 .text.NOROM_SetupGetTrimForXoscLfRegulatorAndCmirrwrRatio
                0x0000000000002304       0x14 /home/martin/Desktop/OLSONET/PICOS/PicOS/CC13XX/CC13XXWARE/driverlib/bin/gcc/driverlib.lib(setup_rom.o)
                0x0000000000002304                NOROM_SetupGetTrimForXoscLfRegulatorAndCmirrwrRatio
 .text.NOROM_SetupAfterColdResetWakeupFromShutDownCfg2
                0x0000000000002318      0x110 /home/martin/Desktop/OLSONET/PICOS/PicOS/CC13XX/CC13XXWARE/driverlib/bin/gcc/driverlib.lib(setup_rom.o)
                0x0000000000002318                NOROM_SetupAfterColdResetWakeupFromShutDownCfg2
 .text.NOROM_SetupSetCacheModeAccordingToCcfgSetting
                0x0000000000002428       0x64 /home/martin/Desktop/OLSONET/PICOS/PicOS/CC13XX/CC13XXWARE/driverlib/bin/gcc/driverlib.lib(setup_rom.o)
                0x0000000000002428                NOROM_SetupSetCacheModeAccordingToCcfgSetting
 .text.NOROM_SetupSetAonRtcSubSecInc
                0x000000000000248c       0x28 /home/martin/Desktop/OLSONET/PICOS/PicOS/CC13XX/CC13XXWARE/driverlib/bin/gcc/driverlib.lib(setup_rom.o)
                0x000000000000248c                NOROM_SetupSetAonRtcSubSecInc
 .text.NOROM_SetupAfterColdResetWakeupFromShutDownCfg3
                0x00000000000024b4      0x150 /home/martin/Desktop/OLSONET/PICOS/PicOS/CC13XX/CC13XXWARE/driverlib/bin/gcc/driverlib.lib(setup_rom.o)
                0x00000000000024b4                NOROM_SetupAfterColdResetWakeupFromShutDownCfg3
 .text.NOROM_SysCtrlSetRechargeBeforePowerDown
                0x0000000000002604      0x220 /home/martin/Desktop/OLSONET/PICOS/PicOS/CC13XX/CC13XXWARE/driverlib/bin/gcc/driverlib.lib(sys_ctrl.o)
                0x0000000000002604                NOROM_SysCtrlSetRechargeBeforePowerDown
 .text.NOROM_SysCtrlAdjustRechargeAfterPowerDown
                0x0000000000002824       0x60 /home/martin/Desktop/OLSONET/PICOS/PicOS/CC13XX/CC13XXWARE/driverlib/bin/gcc/driverlib.lib(sys_ctrl.o)
                0x0000000000002824                NOROM_SysCtrlAdjustRechargeAfterPowerDown
 .text.NOROM_SysCtrlResetSourceGet
                0x0000000000002884       0x18 /home/martin/Desktop/OLSONET/PICOS/PicOS/CC13XX/CC13XXWARE/driverlib/bin/gcc/driverlib.lib(sys_ctrl.o)
                0x0000000000002884                NOROM_SysCtrlResetSourceGet
 .text.NOROM_ChipInfo_GetChipFamily
                0x000000000000289c       0x4c /home/martin/Desktop/OLSONET/PICOS/PicOS/CC13XX/CC13XXWARE/driverlib/bin/gcc/driverlib.lib(chipinfo.o)
                0x000000000000289c                NOROM_ChipInfo_GetChipFamily
 .text.NOROM_ChipInfo_GetHwRevision
                0x00000000000028e8       0x6c /home/martin/Desktop/OLSONET/PICOS/PicOS/CC13XX/CC13XXWARE/driverlib/bin/gcc/driverlib.lib(chipinfo.o)
                0x00000000000028e8                NOROM_ChipInfo_GetHwRevision
 .text.NOROM_ThisCodeIsBuiltForCC13xxHwRev20AndLater_HaltIfViolated
                0x0000000000002954       0x16 /home/martin/Desktop/OLSONET/PICOS/PicOS/CC13XX/CC13XXWARE/driverlib/bin/gcc/driverlib.lib(chipinfo.o)
                0x0000000000002954                NOROM_ThisCodeIsBuiltForCC13xxHwRev20AndLater_HaltIfViolated
 *fill*         0x000000000000296a        0x2 00000000
 .text.AuxAdiDdiSafeWrite.constprop.1
                0x000000000000296c       0x28 /home/martin/Desktop/OLSONET/PICOS/PicOS/CC13XX/CC13XXWARE/driverlib/bin/gcc/driverlib.lib(ddi.o)
 .text.NOROM_DDI32RegWrite
                0x0000000000002994        0x8 /home/martin/Desktop/OLSONET/PICOS/PicOS/CC13XX/CC13XXWARE/driverlib/bin/gcc/driverlib.lib(ddi.o)
                0x0000000000002994                NOROM_DDI32RegWrite
 *(.rodata*)
 .rodata.root.str1.1
                0x000000000000299c      0x19f KTMP/app.o
 .rodata.__pi_syserror.str1.1
                0x0000000000002b3b        0xf KTMP/main.o
 .rodata.ioreq_uart_a.str1.1
                0x0000000000002b4a        0x8 KTMP/main.o
 .rodata.system_init.str1.1
                0x0000000000002b52       0x63 KTMP/main.o
                                         0x64 (size before relaxing)
 .rodata.__pi_release.str1.1
                0x0000000000002bb5        0x3 KTMP/main.o
 .rodata.port_confs
                0x0000000000002bb8       0x44 KTMP/main.o
                0x0000000000002bb8                port_confs
 .rodata.__pi_badstate.str1.1
                0x0000000000002bfc        0x6 KTMP/kernel.o
 .rodata.__pi_wait.str1.1
                0x0000000000002c02        0x3 KTMP/kernel.o
 .rodata.adddevfunc.str1.1
                0x0000000000002c05        0x5 KTMP/kernel.o
 .rodata.io.str1.1
                0x0000000000002c0a        0x3 KTMP/kernel.o
 .rodata.__pi_malloc_init.str1.1
                0x0000000000002c0d        0x5 KTMP/kernel.o
 .rodata.__pi_free.str1.1
                0x0000000000002c12        0x5 KTMP/kernel.o
 .rodata.kill.str1.1
                0x0000000000002c17        0x4 KTMP/kernel.o
 .rodata.__pi_malloc.str1.1
                0x0000000000002c1b        0x5 KTMP/kernel.o
 .rodata.__pi_hex_enc_table
                0x0000000000002c20       0x10 KTMP/kernel.o
                0x0000000000002c20                __pi_hex_enc_table
 .rodata.__input_pins
                0x0000000000002c30        0x4 KTMP/pin_sensor.o
                0x0000000000002c30                __input_pins
 .rodata.__button_list
                0x0000000000002c34        0x4 KTMP/buttons.o
                0x0000000000002c34                __button_list
 *(.init)
 *(.fini*)
 *(.eh_frame*)
                0x0000000000002c38                _etext = .

.glue_7         0x0000000000002c38        0x0
 .glue_7        0x0000000000002c38        0x0 linker stubs

.glue_7t        0x0000000000002c38        0x0
 .glue_7t       0x0000000000002c38        0x0 linker stubs

.vfp11_veneer   0x0000000000002c38        0x0
 .vfp11_veneer  0x0000000000002c38        0x0 linker stubs

.v4_bx          0x0000000000002c38        0x0
 .v4_bx         0x0000000000002c38        0x0 linker stubs

.iplt           0x0000000000002c38        0x0
 .iplt          0x0000000000002c38        0x0 KTMP/app.o

.ARM.exidx      0x0000000000002c38        0x0
                0x0000000000002c38                __exidx_start = .
 *(.ARM.exidx* .gnu.linkonce.armexidx.*)
                0x0000000000002c38                __exidx_end = .

.ARM.extab
 *(.ARM.extab* .gnu.linkonce.armextab.*)

.data           0x0000000020000000        0x0 load address 0x0000000000002c38
                0x0000000020000000                _data = .
 *(vtable)
 *(.data*)
                0x0000000020000000                _edata = .

.igot.plt       0x0000000020000000        0x0 load address 0x0000000000002c38
 .igot.plt      0x0000000020000000        0x0 KTMP/app.o

.bss            0x0000000020000000      0x58c load address 0x0000000000002c38
                0x0000000020000000                __bss_start__ = .
                0x0000000020000000                _bss = .
 *(.bss*)
 .bss.setdel    0x0000000020000000        0x2 KTMP/main.o
 .bss.urates    0x0000000020000002        0x2 KTMP/main.o
 .bss.__PCB     0x0000000020000004        0x4 KTMP/kernel.o
                0x0000000020000004                __PCB
 .bss.ioreq     0x0000000020000008        0x4 KTMP/kernel.o
 .bss.mcfree    0x000000002000000c        0x4 KTMP/kernel.o
 .bss.mevent    0x0000000020000010        0x2 KTMP/kernel.o
 *fill*         0x0000000020000012        0x2 
 .bss.mnfree    0x0000000020000014        0x4 KTMP/kernel.o
 .bss.mpools    0x0000000020000018        0x4 KTMP/kernel.o
 .bss.dopen     0x000000002000001c        0x1 KTMP/storage_mx25r8035.o
 .bss.dstat     0x000000002000001d        0x1 KTMP/storage_mx25r8035.o
 *fill*         0x000000002000001e        0x2 
 .bss.drvprcs   0x0000000020000020        0x4 KTMP/rfprop.o
 .bss.dstate    0x0000000020000024        0x1 KTMP/rfprop.o
 *fill*         0x0000000020000025        0x3 
 .bss.qevent    0x0000000020000028        0x4 KTMP/rfprop.o
 .bss.len.5699  0x000000002000002c        0x4 KTMP/__outserial.o
 .bss.ptr.5698  0x0000000020000030        0x4 KTMP/__outserial.o
 .bss.__inpline
                0x0000000020000034        0x4 KTMP/__inserial.o
                0x0000000020000034                __inpline
 .bss.len.5700  0x0000000020000038        0x4 KTMP/__inserial.o
 .bss.ptr.5699  0x000000002000003c        0x4 KTMP/__inserial.o
 .bss.powerQualGlobals
                0x0000000020000040        0x8 /home/martin/Desktop/OLSONET/PICOS/PicOS/CC13XX/CC13XXWARE/driverlib/bin/gcc/driverlib.lib(sys_ctrl.o)
 *(COMMON)
 COMMON         0x0000000020000048      0x510 KTMP/app.o
                0x0000000020000048                nodeId
                0x0000000020000050                database
                0x0000000020000550                groupId
                0x0000000020000554                recordCount
 COMMON         0x0000000020000558        0xc KTMP/main.o
                0x0000000020000558                __pi_uart
                0x0000000020000560                system_event_count
 COMMON         0x0000000020000564       0x28 KTMP/kernel.o
                0x0000000020000564                entropy
                0x0000000020000568                __pi_mintk
                0x000000002000056a                __pi_old
                0x000000002000056c                __pi_systat
                0x0000000020000574                __pi_new
                0x0000000020000578                __pi_utims
                0x0000000020000588                __pi_curr
                0x000000002000058c                . = ALIGN (0x4)
                0x000000002000058c                _ebss = .
                0x000000002000058c                __bss_end__ = .

.ccfg           0x000000000001ffa8       0x58
 *(.ccfg)
 .ccfg          0x000000000001ffa8       0x58 KTMP/ccfg.o
                0x000000000001ffa8                __ccfg

.rel.dyn        0x0000000000020000        0x0
 .rel.iplt      0x0000000000020000        0x0 KTMP/app.o

._user_heap_stack
                0x000000002000058c      0x100
                0x000000002000058c                . = ALIGN (0x4)
                0x000000002000058c                . = (. + _Min_Heap_Size)
                0x000000002000068c                . = (. + _Min_Stack_Size)
 *fill*         0x000000002000058c      0x100 
                0x000000002000068c                . = ALIGN (0x4)

.gpram
LOAD KTMP/app.o
LOAD KTMP/main.o
LOAD KTMP/kernel.o
LOAD KTMP/tcv.o
LOAD KTMP/startup_gcc.o
LOAD KTMP/ccfg.o
LOAD KTMP/sensors.o
LOAD KTMP/analog_sensor.o
LOAD KTMP/pin_sensor.o
LOAD KTMP/pins_sys.o
LOAD KTMP/buttons.o
LOAD KTMP/storage_mx25r8035.o
LOAD KTMP/ser_out.o
LOAD KTMP/ser_outb.o
LOAD KTMP/ser_in.o
LOAD KTMP/ser_select.o
LOAD KTMP/form.o
LOAD KTMP/scan.o
LOAD KTMP/ser_outf.o
LOAD KTMP/ser_inf.o
LOAD KTMP/rfprop.o
LOAD KTMP/plug_null.o
LOAD KTMP/__outserial.o
LOAD KTMP/__inserial.o
LOAD KTMP/vform.o
LOAD KTMP/vscan.o
LOAD KTMP/smartrf_settings_lp_hr.o
LOAD /home/martin/Desktop/OLSONET/PICOS/PicOS/CC13XX/CC13XXWARE/driverlib/bin/gcc/driverlib.lib
START GROUP
LOAD /usr/lib/gcc/arm-none-eabi/9.2.1/thumb/nofp/libgcc.a
LOAD /usr/lib/gcc/arm-none-eabi/9.2.1/../../../arm-none-eabi/lib/thumb/nofp/libg.a
LOAD /usr/lib/gcc/arm-none-eabi/9.2.1/../../../arm-none-eabi/lib/thumb/nofp/libc.a
END GROUP
START GROUP
LOAD /usr/lib/gcc/arm-none-eabi/9.2.1/thumb/nofp/libgcc.a
LOAD /usr/lib/gcc/arm-none-eabi/9.2.1/../../../arm-none-eabi/lib/thumb/nofp/libc.a
LOAD /usr/lib/gcc/arm-none-eabi/9.2.1/../../../arm-none-eabi/lib/thumb/nofp/libnosys.a
END GROUP
OUTPUT(Image elf32-littlearm)
LOAD linker stubs

.debug_info     0x0000000000000000     0xd266
 .debug_info    0x0000000000000000     0x1027 KTMP/app.o
 .debug_info    0x0000000000001027     0x1490 KTMP/main.o
 .debug_info    0x00000000000024b7     0x1223 KTMP/kernel.o
 .debug_info    0x00000000000036da     0x1337 KTMP/tcv.o
 .debug_info    0x0000000000004a11      0x178 KTMP/startup_gcc.o
 .debug_info    0x0000000000004b89      0x53b KTMP/ccfg.o
 .debug_info    0x00000000000050c4      0x504 KTMP/pin_sensor.o
 .debug_info    0x00000000000055c8      0x4fa KTMP/buttons.o
 .debug_info    0x0000000000005ac2      0xaab KTMP/storage_mx25r8035.o
 .debug_info    0x000000000000656d      0x450 KTMP/ser_outf.o
 .debug_info    0x00000000000069bd      0x450 KTMP/ser_inf.o
 .debug_info    0x0000000000006e0d     0x2478 KTMP/rfprop.o
 .debug_info    0x0000000000009285      0x431 KTMP/__outserial.o
 .debug_info    0x00000000000096b6      0x444 KTMP/__inserial.o
 .debug_info    0x0000000000009afa      0x5f4 KTMP/vform.o
 .debug_info    0x000000000000a0ee      0x593 KTMP/vscan.o
 .debug_info    0x000000000000a681       0xd9 /home/martin/Desktop/OLSONET/PICOS/PicOS/CC13XX/CC13XXWARE/driverlib/bin/gcc/driverlib.lib(aon_batmon.o)
 .debug_info    0x000000000000a75a      0x147 /home/martin/Desktop/OLSONET/PICOS/PicOS/CC13XX/CC13XXWARE/driverlib/bin/gcc/driverlib.lib(aon_rtc.o)
 .debug_info    0x000000000000a8a1      0x13a /home/martin/Desktop/OLSONET/PICOS/PicOS/CC13XX/CC13XXWARE/driverlib/bin/gcc/driverlib.lib(cpu.o)
 .debug_info    0x000000000000a9db      0x8c3 /home/martin/Desktop/OLSONET/PICOS/PicOS/CC13XX/CC13XXWARE/driverlib/bin/gcc/driverlib.lib(osc.o)
 .debug_info    0x000000000000b29e      0x20b /home/martin/Desktop/OLSONET/PICOS/PicOS/CC13XX/CC13XXWARE/driverlib/bin/gcc/driverlib.lib(setup.o)
 .debug_info    0x000000000000b4a9      0xb1b /home/martin/Desktop/OLSONET/PICOS/PicOS/CC13XX/CC13XXWARE/driverlib/bin/gcc/driverlib.lib(setup_rom.o)
 .debug_info    0x000000000000bfc4      0x927 /home/martin/Desktop/OLSONET/PICOS/PicOS/CC13XX/CC13XXWARE/driverlib/bin/gcc/driverlib.lib(sys_ctrl.o)
 .debug_info    0x000000000000c8eb      0x3d0 /home/martin/Desktop/OLSONET/PICOS/PicOS/CC13XX/CC13XXWARE/driverlib/bin/gcc/driverlib.lib(chipinfo.o)
 .debug_info    0x000000000000ccbb      0x5ab /home/martin/Desktop/OLSONET/PICOS/PicOS/CC13XX/CC13XXWARE/driverlib/bin/gcc/driverlib.lib(ddi.o)

.debug_abbrev   0x0000000000000000     0x35af
 .debug_abbrev  0x0000000000000000      0x2bd KTMP/app.o
 .debug_abbrev  0x00000000000002bd      0x56c KTMP/main.o
 .debug_abbrev  0x0000000000000829      0x46f KTMP/kernel.o
 .debug_abbrev  0x0000000000000c98      0x3dc KTMP/tcv.o
 .debug_abbrev  0x0000000000001074       0xc5 KTMP/startup_gcc.o
 .debug_abbrev  0x0000000000001139      0x11f KTMP/ccfg.o
 .debug_abbrev  0x0000000000001258      0x1f1 KTMP/pin_sensor.o
 .debug_abbrev  0x0000000000001449      0x1cb KTMP/buttons.o
 .debug_abbrev  0x0000000000001614      0x3a6 KTMP/storage_mx25r8035.o
 .debug_abbrev  0x00000000000019ba      0x1ac KTMP/ser_outf.o
 .debug_abbrev  0x0000000000001b66      0x19b KTMP/ser_inf.o
 .debug_abbrev  0x0000000000001d01      0x44f KTMP/rfprop.o
 .debug_abbrev  0x0000000000002150      0x174 KTMP/__outserial.o
 .debug_abbrev  0x00000000000022c4      0x178 KTMP/__inserial.o
 .debug_abbrev  0x000000000000243c      0x212 KTMP/vform.o
 .debug_abbrev  0x000000000000264e      0x1bc KTMP/vscan.o
 .debug_abbrev  0x000000000000280a       0x6f /home/martin/Desktop/OLSONET/PICOS/PicOS/CC13XX/CC13XXWARE/driverlib/bin/gcc/driverlib.lib(aon_batmon.o)
 .debug_abbrev  0x0000000000002879       0xaa /home/martin/Desktop/OLSONET/PICOS/PicOS/CC13XX/CC13XXWARE/driverlib/bin/gcc/driverlib.lib(aon_rtc.o)
 .debug_abbrev  0x0000000000002923       0xb0 /home/martin/Desktop/OLSONET/PICOS/PicOS/CC13XX/CC13XXWARE/driverlib/bin/gcc/driverlib.lib(cpu.o)
 .debug_abbrev  0x00000000000029d3      0x25d /home/martin/Desktop/OLSONET/PICOS/PicOS/CC13XX/CC13XXWARE/driverlib/bin/gcc/driverlib.lib(osc.o)
 .debug_abbrev  0x0000000000002c30      0x142 /home/martin/Desktop/OLSONET/PICOS/PicOS/CC13XX/CC13XXWARE/driverlib/bin/gcc/driverlib.lib(setup.o)
 .debug_abbrev  0x0000000000002d72      0x261 /home/martin/Desktop/OLSONET/PICOS/PicOS/CC13XX/CC13XXWARE/driverlib/bin/gcc/driverlib.lib(setup_rom.o)
 .debug_abbrev  0x0000000000002fd3      0x2ba /home/martin/Desktop/OLSONET/PICOS/PicOS/CC13XX/CC13XXWARE/driverlib/bin/gcc/driverlib.lib(sys_ctrl.o)
 .debug_abbrev  0x000000000000328d      0x1ce /home/martin/Desktop/OLSONET/PICOS/PicOS/CC13XX/CC13XXWARE/driverlib/bin/gcc/driverlib.lib(chipinfo.o)
 .debug_abbrev  0x000000000000345b      0x154 /home/martin/Desktop/OLSONET/PICOS/PicOS/CC13XX/CC13XXWARE/driverlib/bin/gcc/driverlib.lib(ddi.o)

.debug_loc      0x0000000000000000     0x4bfc
 .debug_loc     0x0000000000000000       0x48 KTMP/app.o
 .debug_loc     0x0000000000000048      0x455 KTMP/main.o
 .debug_loc     0x000000000000049d      0xb51 KTMP/kernel.o
 .debug_loc     0x0000000000000fee      0xeae KTMP/tcv.o
 .debug_loc     0x0000000000001e9c       0x3c KTMP/startup_gcc.o
 .debug_loc     0x0000000000001ed8       0x80 KTMP/pin_sensor.o
 .debug_loc     0x0000000000001f58       0x70 KTMP/buttons.o
 .debug_loc     0x0000000000001fc8      0x234 KTMP/storage_mx25r8035.o
 .debug_loc     0x00000000000021fc       0x86 KTMP/ser_outf.o
 .debug_loc     0x0000000000002282       0x68 KTMP/ser_inf.o
 .debug_loc     0x00000000000022ea      0x4a7 KTMP/rfprop.o
 .debug_loc     0x0000000000002791       0x66 KTMP/__outserial.o
 .debug_loc     0x00000000000027f7       0x92 KTMP/__inserial.o
 .debug_loc     0x0000000000002889      0x3ac KTMP/vform.o
 .debug_loc     0x0000000000002c35      0x3ee KTMP/vscan.o
 .debug_loc     0x0000000000003023       0x4e /home/martin/Desktop/OLSONET/PICOS/PicOS/CC13XX/CC13XXWARE/driverlib/bin/gcc/driverlib.lib(aon_batmon.o)
 .debug_loc     0x0000000000003071       0x26 /home/martin/Desktop/OLSONET/PICOS/PicOS/CC13XX/CC13XXWARE/driverlib/bin/gcc/driverlib.lib(aon_rtc.o)
 .debug_loc     0x0000000000003097      0x3b9 /home/martin/Desktop/OLSONET/PICOS/PicOS/CC13XX/CC13XXWARE/driverlib/bin/gcc/driverlib.lib(osc.o)
 .debug_loc     0x0000000000003450       0xbc /home/martin/Desktop/OLSONET/PICOS/PicOS/CC13XX/CC13XXWARE/driverlib/bin/gcc/driverlib.lib(setup.o)
 .debug_loc     0x000000000000350c      0x9e8 /home/martin/Desktop/OLSONET/PICOS/PicOS/CC13XX/CC13XXWARE/driverlib/bin/gcc/driverlib.lib(setup_rom.o)
 .debug_loc     0x0000000000003ef4      0x44d /home/martin/Desktop/OLSONET/PICOS/PicOS/CC13XX/CC13XXWARE/driverlib/bin/gcc/driverlib.lib(sys_ctrl.o)
 .debug_loc     0x0000000000004341      0x11f /home/martin/Desktop/OLSONET/PICOS/PicOS/CC13XX/CC13XXWARE/driverlib/bin/gcc/driverlib.lib(chipinfo.o)
 .debug_loc     0x0000000000004460      0x79c /home/martin/Desktop/OLSONET/PICOS/PicOS/CC13XX/CC13XXWARE/driverlib/bin/gcc/driverlib.lib(ddi.o)

.debug_aranges  0x0000000000000000      0x880
 .debug_aranges
                0x0000000000000000       0x28 KTMP/app.o
 .debug_aranges
                0x0000000000000028       0xe8 KTMP/main.o
 .debug_aranges
                0x0000000000000110      0x158 KTMP/kernel.o
 .debug_aranges
                0x0000000000000268      0x108 KTMP/tcv.o
 .debug_aranges
                0x0000000000000370       0x38 KTMP/startup_gcc.o
 .debug_aranges
                0x00000000000003a8       0x18 KTMP/ccfg.o
 .debug_aranges
                0x00000000000003c0       0x28 KTMP/pin_sensor.o
 .debug_aranges
                0x00000000000003e8       0x28 KTMP/buttons.o
 .debug_aranges
                0x0000000000000410       0x90 KTMP/storage_mx25r8035.o
 .debug_aranges
                0x00000000000004a0       0x20 KTMP/ser_outf.o
 .debug_aranges
                0x00000000000004c0       0x20 KTMP/ser_inf.o
 .debug_aranges
                0x00000000000004e0       0x70 KTMP/rfprop.o
 .debug_aranges
                0x0000000000000550       0x20 KTMP/__outserial.o
 .debug_aranges
                0x0000000000000570       0x20 KTMP/__inserial.o
 .debug_aranges
                0x0000000000000590       0x30 KTMP/vform.o
 .debug_aranges
                0x00000000000005c0       0x20 KTMP/vscan.o
 .debug_aranges
                0x00000000000005e0       0x20 /home/martin/Desktop/OLSONET/PICOS/PicOS/CC13XX/CC13XXWARE/driverlib/bin/gcc/driverlib.lib(aon_batmon.o)
 .debug_aranges
                0x0000000000000600       0x28 /home/martin/Desktop/OLSONET/PICOS/PicOS/CC13XX/CC13XXWARE/driverlib/bin/gcc/driverlib.lib(aon_rtc.o)
 .debug_aranges
                0x0000000000000628       0x40 /home/martin/Desktop/OLSONET/PICOS/PicOS/CC13XX/CC13XXWARE/driverlib/bin/gcc/driverlib.lib(cpu.o)
 .debug_aranges
                0x0000000000000668       0x68 /home/martin/Desktop/OLSONET/PICOS/PicOS/CC13XX/CC13XXWARE/driverlib/bin/gcc/driverlib.lib(osc.o)
 .debug_aranges
                0x00000000000006d0       0x28 /home/martin/Desktop/OLSONET/PICOS/PicOS/CC13XX/CC13XXWARE/driverlib/bin/gcc/driverlib.lib(setup.o)
 .debug_aranges
                0x00000000000006f8       0xb8 /home/martin/Desktop/OLSONET/PICOS/PicOS/CC13XX/CC13XXWARE/driverlib/bin/gcc/driverlib.lib(setup_rom.o)
 .debug_aranges
                0x00000000000007b0       0x40 /home/martin/Desktop/OLSONET/PICOS/PicOS/CC13XX/CC13XXWARE/driverlib/bin/gcc/driverlib.lib(sys_ctrl.o)
 .debug_aranges
                0x00000000000007f0       0x48 /home/martin/Desktop/OLSONET/PICOS/PicOS/CC13XX/CC13XXWARE/driverlib/bin/gcc/driverlib.lib(chipinfo.o)
 .debug_aranges
                0x0000000000000838       0x48 /home/martin/Desktop/OLSONET/PICOS/PicOS/CC13XX/CC13XXWARE/driverlib/bin/gcc/driverlib.lib(ddi.o)

.debug_ranges   0x0000000000000000     0x11c0
 .debug_ranges  0x0000000000000000       0x48 KTMP/app.o
 .debug_ranges  0x0000000000000048      0x540 KTMP/main.o
 .debug_ranges  0x0000000000000588      0x1e8 KTMP/kernel.o
 .debug_ranges  0x0000000000000770      0x130 KTMP/tcv.o
 .debug_ranges  0x00000000000008a0       0x28 KTMP/startup_gcc.o
 .debug_ranges  0x00000000000008c8       0x40 KTMP/pin_sensor.o
 .debug_ranges  0x0000000000000908       0x78 KTMP/buttons.o
 .debug_ranges  0x0000000000000980      0x208 KTMP/storage_mx25r8035.o
 .debug_ranges  0x0000000000000b88       0x10 KTMP/ser_outf.o
 .debug_ranges  0x0000000000000b98       0x10 KTMP/ser_inf.o
 .debug_ranges  0x0000000000000ba8      0x1d8 KTMP/rfprop.o
 .debug_ranges  0x0000000000000d80       0x28 KTMP/__outserial.o
 .debug_ranges  0x0000000000000da8       0x30 KTMP/__inserial.o
 .debug_ranges  0x0000000000000dd8       0x98 KTMP/vform.o
 .debug_ranges  0x0000000000000e70       0x98 KTMP/vscan.o
 .debug_ranges  0x0000000000000f08       0x10 /home/martin/Desktop/OLSONET/PICOS/PicOS/CC13XX/CC13XXWARE/driverlib/bin/gcc/driverlib.lib(aon_batmon.o)
 .debug_ranges  0x0000000000000f18       0x18 /home/martin/Desktop/OLSONET/PICOS/PicOS/CC13XX/CC13XXWARE/driverlib/bin/gcc/driverlib.lib(aon_rtc.o)
 .debug_ranges  0x0000000000000f30       0x30 /home/martin/Desktop/OLSONET/PICOS/PicOS/CC13XX/CC13XXWARE/driverlib/bin/gcc/driverlib.lib(cpu.o)
 .debug_ranges  0x0000000000000f60       0x70 /home/martin/Desktop/OLSONET/PICOS/PicOS/CC13XX/CC13XXWARE/driverlib/bin/gcc/driverlib.lib(osc.o)
 .debug_ranges  0x0000000000000fd0       0x18 /home/martin/Desktop/OLSONET/PICOS/PicOS/CC13XX/CC13XXWARE/driverlib/bin/gcc/driverlib.lib(setup.o)
 .debug_ranges  0x0000000000000fe8       0xd8 /home/martin/Desktop/OLSONET/PICOS/PicOS/CC13XX/CC13XXWARE/driverlib/bin/gcc/driverlib.lib(setup_rom.o)
 .debug_ranges  0x00000000000010c0       0x60 /home/martin/Desktop/OLSONET/PICOS/PicOS/CC13XX/CC13XXWARE/driverlib/bin/gcc/driverlib.lib(sys_ctrl.o)
 .debug_ranges  0x0000000000001120       0x68 /home/martin/Desktop/OLSONET/PICOS/PicOS/CC13XX/CC13XXWARE/driverlib/bin/gcc/driverlib.lib(chipinfo.o)
 .debug_ranges  0x0000000000001188       0x38 /home/martin/Desktop/OLSONET/PICOS/PicOS/CC13XX/CC13XXWARE/driverlib/bin/gcc/driverlib.lib(ddi.o)

.debug_line     0x0000000000000000     0x75cc
 .debug_line    0x0000000000000000      0x2f6 KTMP/app.o
 .debug_line    0x00000000000002f6     0x1560 KTMP/main.o
 .debug_line    0x0000000000001856      0xee4 KTMP/kernel.o
 .debug_line    0x000000000000273a      0xcbb KTMP/tcv.o
 .debug_line    0x00000000000033f5      0x127 KTMP/startup_gcc.o
 .debug_line    0x000000000000351c      0x189 KTMP/ccfg.o
 .debug_line    0x00000000000036a5      0x29d KTMP/pin_sensor.o
 .debug_line    0x0000000000003942      0x340 KTMP/buttons.o
 .debug_line    0x0000000000003c82      0x935 KTMP/storage_mx25r8035.o
 .debug_line    0x00000000000045b7      0x1a2 KTMP/ser_outf.o
 .debug_line    0x0000000000004759      0x1b3 KTMP/ser_inf.o
 .debug_line    0x000000000000490c      0xcad KTMP/rfprop.o
 .debug_line    0x00000000000055b9      0x1a5 KTMP/__outserial.o
 .debug_line    0x000000000000575e      0x24f KTMP/__inserial.o
 .debug_line    0x00000000000059ad      0x3c1 KTMP/vform.o
 .debug_line    0x0000000000005d6e      0x2ca KTMP/vscan.o
 .debug_line    0x0000000000006038      0x16b /home/martin/Desktop/OLSONET/PICOS/PicOS/CC13XX/CC13XXWARE/driverlib/bin/gcc/driverlib.lib(aon_batmon.o)
 .debug_line    0x00000000000061a3      0x1ad /home/martin/Desktop/OLSONET/PICOS/PicOS/CC13XX/CC13XXWARE/driverlib/bin/gcc/driverlib.lib(aon_rtc.o)
 .debug_line    0x0000000000006350      0x1a0 /home/martin/Desktop/OLSONET/PICOS/PicOS/CC13XX/CC13XXWARE/driverlib/bin/gcc/driverlib.lib(cpu.o)
 .debug_line    0x00000000000064f0      0x2da /home/martin/Desktop/OLSONET/PICOS/PicOS/CC13XX/CC13XXWARE/driverlib/bin/gcc/driverlib.lib(osc.o)
 .debug_line    0x00000000000067ca      0x1ed /home/martin/Desktop/OLSONET/PICOS/PicOS/CC13XX/CC13XXWARE/driverlib/bin/gcc/driverlib.lib(setup.o)
 .debug_line    0x00000000000069b7      0x45b /home/martin/Desktop/OLSONET/PICOS/PicOS/CC13XX/CC13XXWARE/driverlib/bin/gcc/driverlib.lib(setup_rom.o)
 .debug_line    0x0000000000006e12      0x369 /home/martin/Desktop/OLSONET/PICOS/PicOS/CC13XX/CC13XXWARE/driverlib/bin/gcc/driverlib.lib(sys_ctrl.o)
 .debug_line    0x000000000000717b      0x22f /home/martin/Desktop/OLSONET/PICOS/PicOS/CC13XX/CC13XXWARE/driverlib/bin/gcc/driverlib.lib(chipinfo.o)
 .debug_line    0x00000000000073aa      0x222 /home/martin/Desktop/OLSONET/PICOS/PicOS/CC13XX/CC13XXWARE/driverlib/bin/gcc/driverlib.lib(ddi.o)

.debug_str      0x0000000000000000     0x3802
 .debug_str     0x0000000000000000      0x85a KTMP/app.o
                                        0x935 (size before relaxing)
 .debug_str     0x000000000000085a      0x550 KTMP/main.o
                                        0x8e1 (size before relaxing)
 .debug_str     0x0000000000000daa      0x245 KTMP/kernel.o
                                        0x63a (size before relaxing)
 .debug_str     0x0000000000000fef      0x262 KTMP/tcv.o
                                        0x677 (size before relaxing)
 .debug_str     0x0000000000001251       0xb7 KTMP/startup_gcc.o
                                        0x275 (size before relaxing)
 .debug_str     0x0000000000001308      0x1d6 KTMP/ccfg.o
                                        0x534 (size before relaxing)
 .debug_str     0x00000000000014de       0x76 KTMP/pin_sensor.o
                                        0x401 (size before relaxing)
 .debug_str     0x0000000000001554       0x76 KTMP/buttons.o
                                        0x3f8 (size before relaxing)
 .debug_str     0x00000000000015ca      0x10c KTMP/storage_mx25r8035.o
                                        0x4dc (size before relaxing)
 .debug_str     0x00000000000016d6       0x4a KTMP/ser_outf.o
                                        0x3b0 (size before relaxing)
 .debug_str     0x0000000000001720       0x52 KTMP/ser_inf.o
                                        0x3b8 (size before relaxing)
 .debug_str     0x0000000000001772      0x87b KTMP/rfprop.o
                                       0x1029 (size before relaxing)
 .debug_str     0x0000000000001fed       0x61 KTMP/__outserial.o
                                        0x3a4 (size before relaxing)
 .debug_str     0x000000000000204e       0x4e KTMP/__inserial.o
                                        0x3a9 (size before relaxing)
 .debug_str     0x000000000000209c       0x5c KTMP/vform.o
                                        0x3c5 (size before relaxing)
 .debug_str     0x00000000000020f8       0x5f KTMP/vscan.o
                                        0x3c8 (size before relaxing)
 .debug_str     0x0000000000002157      0x18e /home/martin/Desktop/OLSONET/PICOS/PicOS/CC13XX/CC13XXWARE/driverlib/bin/gcc/driverlib.lib(aon_batmon.o)
                                        0x221 (size before relaxing)
 .debug_str     0x00000000000022e5       0xce /home/martin/Desktop/OLSONET/PICOS/PicOS/CC13XX/CC13XXWARE/driverlib/bin/gcc/driverlib.lib(aon_rtc.o)
                                        0x27f (size before relaxing)
 .debug_str     0x00000000000023b3       0x7f /home/martin/Desktop/OLSONET/PICOS/PicOS/CC13XX/CC13XXWARE/driverlib/bin/gcc/driverlib.lib(cpu.o)
                                        0x227 (size before relaxing)
 .debug_str     0x0000000000002432      0x5e5 /home/martin/Desktop/OLSONET/PICOS/PicOS/CC13XX/CC13XXWARE/driverlib/bin/gcc/driverlib.lib(osc.o)
                                        0x822 (size before relaxing)
 .debug_str     0x0000000000002a17      0x203 /home/martin/Desktop/OLSONET/PICOS/PicOS/CC13XX/CC13XXWARE/driverlib/bin/gcc/driverlib.lib(setup.o)
                                        0x3ab (size before relaxing)
 .debug_str     0x0000000000002c1a      0x4b8 /home/martin/Desktop/OLSONET/PICOS/PicOS/CC13XX/CC13XXWARE/driverlib/bin/gcc/driverlib.lib(setup_rom.o)
                                        0x792 (size before relaxing)
 .debug_str     0x00000000000030d2      0x26f /home/martin/Desktop/OLSONET/PICOS/PicOS/CC13XX/CC13XXWARE/driverlib/bin/gcc/driverlib.lib(sys_ctrl.o)
                                        0x7e2 (size before relaxing)
 .debug_str     0x0000000000003341      0x3c3 /home/martin/Desktop/OLSONET/PICOS/PicOS/CC13XX/CC13XXWARE/driverlib/bin/gcc/driverlib.lib(chipinfo.o)
                                        0x5ae (size before relaxing)
 .debug_str     0x0000000000003704       0xfe /home/martin/Desktop/OLSONET/PICOS/PicOS/CC13XX/CC13XXWARE/driverlib/bin/gcc/driverlib.lib(ddi.o)
                                        0x316 (size before relaxing)

.comment        0x0000000000000000       0xc9
 .comment       0x0000000000000000       0x59 KTMP/app.o
                                         0x5a (size before relaxing)
 .comment       0x0000000000000059       0x5a KTMP/main.o
 .comment       0x0000000000000059       0x5a KTMP/kernel.o
 .comment       0x0000000000000059       0x5a KTMP/tcv.o
 .comment       0x0000000000000059       0x5a KTMP/startup_gcc.o
 .comment       0x0000000000000059       0x5a KTMP/ccfg.o
 .comment       0x0000000000000059       0x5a KTMP/pin_sensor.o
 .comment       0x0000000000000059       0x5a KTMP/buttons.o
 .comment       0x0000000000000059       0x5a KTMP/storage_mx25r8035.o
 .comment       0x0000000000000059       0x5a KTMP/ser_outf.o
 .comment       0x0000000000000059       0x5a KTMP/ser_inf.o
 .comment       0x0000000000000059       0x5a KTMP/rfprop.o
 .comment       0x0000000000000059       0x5a KTMP/__outserial.o
 .comment       0x0000000000000059       0x5a KTMP/__inserial.o
 .comment       0x0000000000000059       0x5a KTMP/vform.o
 .comment       0x0000000000000059       0x5a KTMP/vscan.o
 .comment       0x0000000000000059       0x70 /home/martin/Desktop/OLSONET/PICOS/PicOS/CC13XX/CC13XXWARE/driverlib/bin/gcc/driverlib.lib(aon_batmon.o)
                                         0x71 (size before relaxing)
 .comment       0x00000000000000c9       0x71 /home/martin/Desktop/OLSONET/PICOS/PicOS/CC13XX/CC13XXWARE/driverlib/bin/gcc/driverlib.lib(aon_rtc.o)
 .comment       0x00000000000000c9       0x71 /home/martin/Desktop/OLSONET/PICOS/PicOS/CC13XX/CC13XXWARE/driverlib/bin/gcc/driverlib.lib(cpu.o)
 .comment       0x00000000000000c9       0x71 /home/martin/Desktop/OLSONET/PICOS/PicOS/CC13XX/CC13XXWARE/driverlib/bin/gcc/driverlib.lib(osc.o)
 .comment       0x00000000000000c9       0x71 /home/martin/Desktop/OLSONET/PICOS/PicOS/CC13XX/CC13XXWARE/driverlib/bin/gcc/driverlib.lib(setup.o)
 .comment       0x00000000000000c9       0x71 /home/martin/Desktop/OLSONET/PICOS/PicOS/CC13XX/CC13XXWARE/driverlib/bin/gcc/driverlib.lib(setup_rom.o)
 .comment       0x00000000000000c9       0x71 /home/martin/Desktop/OLSONET/PICOS/PicOS/CC13XX/CC13XXWARE/driverlib/bin/gcc/driverlib.lib(sys_ctrl.o)
 .comment       0x00000000000000c9       0x71 /home/martin/Desktop/OLSONET/PICOS/PicOS/CC13XX/CC13XXWARE/driverlib/bin/gcc/driverlib.lib(chipinfo.o)
 .comment       0x00000000000000c9       0x71 /home/martin/Desktop/OLSONET/PICOS/PicOS/CC13XX/CC13XXWARE/driverlib/bin/gcc/driverlib.lib(ddi.o)

.ARM.attributes
                0x0000000000000000       0x2f
 .ARM.attributes
                0x0000000000000000       0x2d KTMP/app.o
 .ARM.attributes
                0x000000000000002d       0x2d KTMP/main.o
 .ARM.attributes
                0x000000000000005a       0x2d KTMP/kernel.o
 .ARM.attributes
                0x0000000000000087       0x2d KTMP/tcv.o
 .ARM.attributes
                0x00000000000000b4       0x2d KTMP/startup_gcc.o
 .ARM.attributes
                0x00000000000000e1       0x33 KTMP/ccfg.o
 .ARM.attributes
                0x0000000000000114       0x2d KTMP/pin_sensor.o
 .ARM.attributes
                0x0000000000000141       0x2d KTMP/buttons.o
 .ARM.attributes
                0x000000000000016e       0x2d KTMP/storage_mx25r8035.o
 .ARM.attributes
                0x000000000000019b       0x2d KTMP/ser_outf.o
 .ARM.attributes
                0x00000000000001c8       0x2d KTMP/ser_inf.o
 .ARM.attributes
                0x00000000000001f5       0x2d KTMP/rfprop.o
 .ARM.attributes
                0x0000000000000222       0x2d KTMP/__outserial.o
 .ARM.attributes
                0x000000000000024f       0x2d KTMP/__inserial.o
 .ARM.attributes
                0x000000000000027c       0x2d KTMP/vform.o
 .ARM.attributes
                0x00000000000002a9       0x2d KTMP/vscan.o
 .ARM.attributes
                0x00000000000002d6       0x33 /home/martin/Desktop/OLSONET/PICOS/PicOS/CC13XX/CC13XXWARE/driverlib/bin/gcc/driverlib.lib(aon_batmon.o)
 .ARM.attributes
                0x0000000000000309       0x33 /home/martin/Desktop/OLSONET/PICOS/PicOS/CC13XX/CC13XXWARE/driverlib/bin/gcc/driverlib.lib(aon_rtc.o)
 .ARM.attributes
                0x000000000000033c       0x33 /home/martin/Desktop/OLSONET/PICOS/PicOS/CC13XX/CC13XXWARE/driverlib/bin/gcc/driverlib.lib(cpu.o)
 .ARM.attributes
                0x000000000000036f       0x33 /home/martin/Desktop/OLSONET/PICOS/PicOS/CC13XX/CC13XXWARE/driverlib/bin/gcc/driverlib.lib(osc.o)
 .ARM.attributes
                0x00000000000003a2       0x33 /home/martin/Desktop/OLSONET/PICOS/PicOS/CC13XX/CC13XXWARE/driverlib/bin/gcc/driverlib.lib(setup.o)
 .ARM.attributes
                0x00000000000003d5       0x33 /home/martin/Desktop/OLSONET/PICOS/PicOS/CC13XX/CC13XXWARE/driverlib/bin/gcc/driverlib.lib(setup_rom.o)
 .ARM.attributes
                0x0000000000000408       0x33 /home/martin/Desktop/OLSONET/PICOS/PicOS/CC13XX/CC13XXWARE/driverlib/bin/gcc/driverlib.lib(sys_ctrl.o)
 .ARM.attributes
                0x000000000000043b       0x33 /home/martin/Desktop/OLSONET/PICOS/PicOS/CC13XX/CC13XXWARE/driverlib/bin/gcc/driverlib.lib(chipinfo.o)
 .ARM.attributes
                0x000000000000046e       0x33 /home/martin/Desktop/OLSONET/PICOS/PicOS/CC13XX/CC13XXWARE/driverlib/bin/gcc/driverlib.lib(ddi.o)

.debug_frame    0x0000000000000000     0x1530
 .debug_frame   0x0000000000000000       0x40 KTMP/app.o
 .debug_frame   0x0000000000000040      0x2bc KTMP/main.o
 .debug_frame   0x00000000000002fc      0x3d4 KTMP/kernel.o
 .debug_frame   0x00000000000006d0      0x360 KTMP/tcv.o
 .debug_frame   0x0000000000000a30       0x58 KTMP/startup_gcc.o
 .debug_frame   0x0000000000000a88       0x3c KTMP/pin_sensor.o
 .debug_frame   0x0000000000000ac4       0x68 KTMP/buttons.o
 .debug_frame   0x0000000000000b2c      0x194 KTMP/storage_mx25r8035.o
 .debug_frame   0x0000000000000cc0       0x44 KTMP/ser_outf.o
 .debug_frame   0x0000000000000d04       0x44 KTMP/ser_inf.o
 .debug_frame   0x0000000000000d48      0x170 KTMP/rfprop.o
 .debug_frame   0x0000000000000eb8       0x3c KTMP/__outserial.o
 .debug_frame   0x0000000000000ef4       0x3c KTMP/__inserial.o
 .debug_frame   0x0000000000000f30       0x6c KTMP/vform.o
 .debug_frame   0x0000000000000f9c       0x34 KTMP/vscan.o
 .debug_frame   0x0000000000000fd0       0x20 /home/martin/Desktop/OLSONET/PICOS/PicOS/CC13XX/CC13XXWARE/driverlib/bin/gcc/driverlib.lib(aon_batmon.o)
 .debug_frame   0x0000000000000ff0       0x30 /home/martin/Desktop/OLSONET/PICOS/PicOS/CC13XX/CC13XXWARE/driverlib/bin/gcc/driverlib.lib(aon_rtc.o)
 .debug_frame   0x0000000000001020       0x60 /home/martin/Desktop/OLSONET/PICOS/PicOS/CC13XX/CC13XXWARE/driverlib/bin/gcc/driverlib.lib(cpu.o)
 .debug_frame   0x0000000000001080      0x104 /home/martin/Desktop/OLSONET/PICOS/PicOS/CC13XX/CC13XXWARE/driverlib/bin/gcc/driverlib.lib(osc.o)
 .debug_frame   0x0000000000001184       0x44 /home/martin/Desktop/OLSONET/PICOS/PicOS/CC13XX/CC13XXWARE/driverlib/bin/gcc/driverlib.lib(setup.o)
 .debug_frame   0x00000000000011c8      0x194 /home/martin/Desktop/OLSONET/PICOS/PicOS/CC13XX/CC13XXWARE/driverlib/bin/gcc/driverlib.lib(setup_rom.o)
 .debug_frame   0x000000000000135c       0x9c /home/martin/Desktop/OLSONET/PICOS/PicOS/CC13XX/CC13XXWARE/driverlib/bin/gcc/driverlib.lib(sys_ctrl.o)
 .debug_frame   0x00000000000013f8       0x8c /home/martin/Desktop/OLSONET/PICOS/PicOS/CC13XX/CC13XXWARE/driverlib/bin/gcc/driverlib.lib(chipinfo.o)
 .debug_frame   0x0000000000001484       0xac /home/martin/Desktop/OLSONET/PICOS/PicOS/CC13XX/CC13XXWARE/driverlib/bin/gcc/driverlib.lib(ddi.o)
