Archive member included to satisfy reference by file (symbol)

/home/martin/Desktop/OLSONET/PICOS/PicOS/CC13XX/CC13XXWARE/driverlib/bin/gcc/driverlib.lib(adi.o)
                              KTMP/analog_sensor.o (SafeHapiAuxAdiSelect)
/home/martin/Desktop/OLSONET/PICOS/PicOS/CC13XX/CC13XXWARE/driverlib/bin/gcc/driverlib.lib(aon_batmon.o)
                              KTMP/main.o (NOROM_AONBatMonTemperatureGetDegC)
/home/martin/Desktop/OLSONET/PICOS/PicOS/CC13XX/CC13XXWARE/driverlib/bin/gcc/driverlib.lib(aon_rtc.o)
                              KTMP/main.o (NOROM_AONRTCCurrent64BitValueGet)
/home/martin/Desktop/OLSONET/PICOS/PicOS/CC13XX/CC13XXWARE/driverlib/bin/gcc/driverlib.lib(aux_adc.o)
                              KTMP/analog_sensor.o (NOROM_AUXADCDisable)
/home/martin/Desktop/OLSONET/PICOS/PicOS/CC13XX/CC13XXWARE/driverlib/bin/gcc/driverlib.lib(cpu.o)
                              KTMP/main.o (NOROM_CPUcpsid)
/home/martin/Desktop/OLSONET/PICOS/PicOS/CC13XX/CC13XXWARE/driverlib/bin/gcc/driverlib.lib(osc.o)
                              KTMP/rfprop.o (NOROM_OSCHF_TurnOnXosc)
/home/martin/Desktop/OLSONET/PICOS/PicOS/CC13XX/CC13XXWARE/driverlib/bin/gcc/driverlib.lib(rfc.o)
                              KTMP/rfprop.o (NOROM_RFCDoorbellSendTo)
/home/martin/Desktop/OLSONET/PICOS/PicOS/CC13XX/CC13XXWARE/driverlib/bin/gcc/driverlib.lib(setup.o)
                              KTMP/startup_gcc.o (NOROM_SetupTrimDevice)
/home/martin/Desktop/OLSONET/PICOS/PicOS/CC13XX/CC13XXWARE/driverlib/bin/gcc/driverlib.lib(setup_rom.o)
                              /home/martin/Desktop/OLSONET/PICOS/PicOS/CC13XX/CC13XXWARE/driverlib/bin/gcc/driverlib.lib(setup.o) (NOROM_SetupAfterColdResetWakeupFromShutDownCfg1)
/home/martin/Desktop/OLSONET/PICOS/PicOS/CC13XX/CC13XXWARE/driverlib/bin/gcc/driverlib.lib(sys_ctrl.o)
                              KTMP/main.o (NOROM_SysCtrlSetRechargeBeforePowerDown)
/home/martin/Desktop/OLSONET/PICOS/PicOS/CC13XX/CC13XXWARE/driverlib/bin/gcc/driverlib.lib(chipinfo.o)
                              /home/martin/Desktop/OLSONET/PICOS/PicOS/CC13XX/CC13XXWARE/driverlib/bin/gcc/driverlib.lib(setup.o) (NOROM_ThisCodeIsBuiltForCC13xxHwRev20AndLater_HaltIfViolated)
/home/martin/Desktop/OLSONET/PICOS/PicOS/CC13XX/CC13XXWARE/driverlib/bin/gcc/driverlib.lib(ddi.o)
                              /home/martin/Desktop/OLSONET/PICOS/PicOS/CC13XX/CC13XXWARE/driverlib/bin/gcc/driverlib.lib(setup_rom.o) (NOROM_DDI32RegWrite)
/usr/lib/gcc/arm-none-eabi/9.2.1/../../../arm-none-eabi/lib/thumb/nofp/libg.a(lib_a-memcpy-stub.o)
                              KTMP/rfprop.o (memcpy)
/usr/lib/gcc/arm-none-eabi/9.2.1/../../../arm-none-eabi/lib/thumb/nofp/libg.a(lib_a-memset.o)
                              /home/martin/Desktop/OLSONET/PICOS/PicOS/CC13XX/CC13XXWARE/driverlib/bin/gcc/driverlib.lib(rfc.o) (memset)
/usr/lib/gcc/arm-none-eabi/9.2.1/../../../arm-none-eabi/lib/thumb/nofp/libg.a(lib_a-rand.o)
                              KTMP/app.o (srand)
/usr/lib/gcc/arm-none-eabi/9.2.1/../../../arm-none-eabi/lib/thumb/nofp/libg.a(lib_a-time.o)
                              KTMP/app.o (time)
/usr/lib/gcc/arm-none-eabi/9.2.1/../../../arm-none-eabi/lib/thumb/nofp/libg.a(lib_a-gettimeofdayr.o)
                              /usr/lib/gcc/arm-none-eabi/9.2.1/../../../arm-none-eabi/lib/thumb/nofp/libg.a(lib_a-time.o) (_gettimeofday_r)
/usr/lib/gcc/arm-none-eabi/9.2.1/../../../arm-none-eabi/lib/thumb/nofp/libg.a(lib_a-impure.o)
                              /usr/lib/gcc/arm-none-eabi/9.2.1/../../../arm-none-eabi/lib/thumb/nofp/libg.a(lib_a-rand.o) (_impure_ptr)
/usr/lib/gcc/arm-none-eabi/9.2.1/../../../arm-none-eabi/lib/thumb/nofp/libg.a(lib_a-reent.o)
                              /usr/lib/gcc/arm-none-eabi/9.2.1/../../../arm-none-eabi/lib/thumb/nofp/libg.a(lib_a-gettimeofdayr.o) (errno)
/usr/lib/gcc/arm-none-eabi/9.2.1/../../../arm-none-eabi/lib/thumb/nofp/libg.a(lib_a-freer.o)
                              /usr/lib/gcc/arm-none-eabi/9.2.1/../../../arm-none-eabi/lib/thumb/nofp/libg.a(lib_a-reent.o) (_free_r)
/usr/lib/gcc/arm-none-eabi/9.2.1/../../../arm-none-eabi/lib/thumb/nofp/libg.a(lib_a-mallocr.o)
                              /usr/lib/gcc/arm-none-eabi/9.2.1/../../../arm-none-eabi/lib/thumb/nofp/libg.a(lib_a-freer.o) (__malloc_av_)
/usr/lib/gcc/arm-none-eabi/9.2.1/../../../arm-none-eabi/lib/thumb/nofp/libg.a(lib_a-mlock.o)
                              /usr/lib/gcc/arm-none-eabi/9.2.1/../../../arm-none-eabi/lib/thumb/nofp/libg.a(lib_a-freer.o) (__malloc_lock)
/usr/lib/gcc/arm-none-eabi/9.2.1/../../../arm-none-eabi/lib/thumb/nofp/libg.a(lib_a-sbrkr.o)
                              /usr/lib/gcc/arm-none-eabi/9.2.1/../../../arm-none-eabi/lib/thumb/nofp/libg.a(lib_a-freer.o) (_sbrk_r)
/usr/lib/gcc/arm-none-eabi/9.2.1/thumb/nofp/libgcc.a(_muldi3.o)
                              /usr/lib/gcc/arm-none-eabi/9.2.1/../../../arm-none-eabi/lib/thumb/nofp/libg.a(lib_a-rand.o) (__aeabi_lmul)
[...]
Memory Configuration

Name             Origin             Length             Attributes
FLASH            0x0000000000000000 0x000000000001ffa8 xr
FLASH_CCFG       0x000000000001ffa8 0x0000000000000058 xr
SRAM             0x0000000020000000 0x0000000000005000 xrw
GPRAM            0x0000000011000000 0x0000000000002000 xrw
*default*        0x0000000000000000 0xffffffffffffffff

Linker script and memory map

                0x0000000020005000                _estack = (ORIGIN (SRAM) + LENGTH (SRAM))
                0x0000000000000000                _Min_Heap_Size = 0x0
                0x0000000000000100                _Min_Stack_Size = 0x100

.text           0x0000000000000000     0x4f2c
                0x0000000000000000                _text = .
 *(.vectors)
 .vectors       0x0000000000000000       0xc8 KTMP/startup_gcc.o
                0x0000000000000000                g_pfnVectors
 *(.text*)
 .text.transmitter
                0x00000000000000c8       0x5c KTMP/app.o
                0x00000000000000c8                transmitter
 .text.randomNumber
                0x0000000000000124       0x18 KTMP/app.o
                0x0000000000000124                randomNumber
 .text.root     0x000000000000013c      0x2c8 KTMP/app.o
                0x000000000000013c                root
 .text.devinit_uart
                0x0000000000000404        0xc KTMP/main.o
 .text.udelay   0x0000000000000410       0x2c KTMP/main.o
                0x0000000000000410                udelay
 .text.mdelay   0x000000000000043c       0x2a KTMP/main.o
                0x000000000000043c                mdelay
 *fill*         0x0000000000000466        0x2 00000000
 .text.__pi_ondomain
                0x0000000000000468       0x3c KTMP/main.o
                0x0000000000000468                __pi_ondomain
 .text.__pi_offdomain
                0x00000000000004a4       0x40 KTMP/main.o
                0x00000000000004a4                __pi_offdomain
 .text.__pi_syserror
                0x00000000000004e4       0x54 KTMP/main.o
                0x00000000000004e4                __pi_syserror
 .text.tci_run_delay_timer
                0x0000000000000538       0x40 KTMP/main.o
                0x0000000000000538                tci_run_delay_timer
 .text.tci_run_auxiliary_timer
                0x0000000000000578       0x28 KTMP/main.o
                0x0000000000000578                tci_run_auxiliary_timer
 .text.AONRTCIntHandler
                0x00000000000005a0      0x114 KTMP/main.o
                0x00000000000005a0                AONRTCIntHandler
 .text.tci_update_delay_ticks
                0x00000000000006b4       0x50 KTMP/main.o
                0x00000000000006b4                tci_update_delay_ticks
 .text.__pi_uart_setrate
                0x0000000000000704       0x54 KTMP/main.o
                0x0000000000000704                __pi_uart_setrate
 .text.reinit_uart
                0x0000000000000758       0x38 KTMP/main.o
 .text.ioreq_uart_a
                0x0000000000000790      0x110 KTMP/main.o
 .text.UART0IntHandler
                0x00000000000008a0       0xc0 KTMP/main.o
                0x00000000000008a0                UART0IntHandler
 .text.__buttons_setirq
                0x0000000000000960       0x44 KTMP/main.o
                0x0000000000000960                __buttons_setirq
 .text.__pinlist_setirq
                0x00000000000009a4       0x3c KTMP/main.o
                0x00000000000009a4                __pinlist_setirq
 .text.GPIOIntHandler
                0x00000000000009e0       0xa4 KTMP/main.o
                0x00000000000009e0                GPIOIntHandler
 .text.system_init
                0x0000000000000a84      0x1b8 KTMP/main.o
                0x0000000000000a84                system_init
 .text.setpowermode
                0x0000000000000c3c       0x24 KTMP/main.o
                0x0000000000000c3c                setpowermode
 .text.__pi_release
                0x0000000000000c60      0x258 KTMP/main.o
                0x0000000000000c60                __pi_release
 .text.halt     0x0000000000000eb8       0x30 KTMP/main.o
                0x0000000000000eb8                halt
 .text.startup.main
                0x0000000000000ee8       0x60 KTMP/main.o
                0x0000000000000ee8                main
 .text.killev   0x0000000000000f48       0x3c KTMP/kernel.o
 .text.qfree    0x0000000000000f84       0x80 KTMP/kernel.o
 .text.dgout    0x0000000000001004       0x18 KTMP/kernel.o
 .text.__pi_badstate
                0x000000000000101c       0x10 KTMP/kernel.o
                0x000000000000101c                __pi_badstate
 .text.utimer_add
                0x000000000000102c       0x2c KTMP/kernel.o
                0x000000000000102c                utimer_add
 .text.__pi_utimer_set
                0x0000000000001058        0x6 KTMP/kernel.o
                0x0000000000001058                __pi_utimer_set
 *fill*         0x000000000000105e        0x2 00000000
 .text.update_n_wake
                0x0000000000001060       0xcc KTMP/kernel.o
                0x0000000000001060                update_n_wake
 .text.proceed  0x000000000000112c       0x14 KTMP/kernel.o
                0x000000000000112c                proceed
 .text.__pi_wait
                0x0000000000001140       0x34 KTMP/kernel.o
                0x0000000000001140                __pi_wait
 .text.__pi_trigger
                0x0000000000001174       0x34 KTMP/kernel.o
                0x0000000000001174                __pi_trigger
 .text.__pi_join
                0x00000000000011a8       0x24 KTMP/kernel.o
                0x00000000000011a8                __pi_join
 .text.delay    0x00000000000011cc       0x38 KTMP/kernel.o
                0x00000000000011cc                delay
 .text.running  0x0000000000001204       0x24 KTMP/kernel.o
                0x0000000000001204                running
 .text.__pi_strlen
                0x0000000000001228        0xe KTMP/kernel.o
                0x0000000000001228                __pi_strlen
 .text.__pi_memcpy
                0x0000000000001236       0x14 KTMP/kernel.o
                0x0000000000001236                __pi_memcpy
 .text.__pi_memset
                0x000000000000124a        0xe KTMP/kernel.o
                0x000000000000124a                __pi_memset
 .text.adddevfunc
                0x0000000000001258       0x24 KTMP/kernel.o
                0x0000000000001258                adddevfunc
 .text.io       0x000000000000127c       0x9c KTMP/kernel.o
                0x000000000000127c                io
 .text.__pi_malloc_init
                0x0000000000001318       0x50 KTMP/kernel.o
                0x0000000000001318                __pi_malloc_init
 .text.__pi_free
                0x0000000000001368       0x48 KTMP/kernel.o
                0x0000000000001368                __pi_free
 .text.kill     0x00000000000013b0       0x50 KTMP/kernel.o
                0x00000000000013b0                kill
 .text.__pi_malloc
                0x0000000000001400       0xa8 KTMP/kernel.o
                0x0000000000001400                __pi_malloc
 .text.__pi_fork
                0x00000000000014a8       0x34 KTMP/kernel.o
                0x00000000000014a8                __pi_fork
 .text.__pi_waitmem
                0x00000000000014dc       0x18 KTMP/kernel.o
                0x00000000000014dc                __pi_waitmem
 .text.diag     0x00000000000014f4      0x13c KTMP/kernel.o
                0x00000000000014f4                diag
 .text.lrnd     0x0000000000001630       0x24 KTMP/kernel.o
                0x0000000000001630                lrnd
 .text.apb      0x0000000000001654       0x16 KTMP/tcv.o
 .text.deq      0x000000000000166a       0x1a KTMP/tcv.o
 .text.rlp      0x0000000000001684        0xe KTMP/tcv.o
 *fill*         0x0000000000001692        0x2 00000000
 .text.enq      0x0000000000001694       0x4c KTMP/tcv.o
 .text.dispose  0x00000000000016e0       0x8c KTMP/tcv.o
 .text.tcv_endp
                0x000000000000176c       0x70 KTMP/tcv.o
                0x000000000000176c                tcv_endp
 .text.tcv_open
                0x00000000000017dc       0xc0 KTMP/tcv.o
                0x00000000000017dc                tcv_open
 .text.tcv_plug
                0x000000000000189c       0x24 KTMP/tcv.o
                0x000000000000189c                tcv_plug
 .text.tcv_wnps
                0x00000000000018c0       0xbc KTMP/tcv.o
                0x00000000000018c0                tcv_wnps
 .text.tcvp_control
                0x000000000000197c       0x2c KTMP/tcv.o
                0x000000000000197c                tcvp_control
 .text.tcv_control
                0x00000000000019a8       0x60 KTMP/tcv.o
                0x00000000000019a8                tcv_control
 .text.tcvp_new
                0x0000000000001a08       0x68 KTMP/tcv.o
                0x0000000000001a08                tcvp_new
 .text.tcvphy_reg
                0x0000000000001a70       0x50 KTMP/tcv.o
                0x0000000000001a70                tcvphy_reg
 .text.tcvphy_rcv
                0x0000000000001ac0       0x9c KTMP/tcv.o
                0x0000000000001ac0                tcvphy_rcv
 .text.tcvphy_get
                0x0000000000001b5c       0x40 KTMP/tcv.o
                0x0000000000001b5c                tcvphy_get
 .text.tcvphy_top
                0x0000000000001b9c       0x34 KTMP/tcv.o
                0x0000000000001b9c                tcvphy_top
 .text.tcvphy_end
                0x0000000000001bd0       0x3c KTMP/tcv.o
                0x0000000000001bd0                tcvphy_end
 .text.tcv_init
                0x0000000000001c0c        0x2 KTMP/tcv.o
                0x0000000000001c0c                tcv_init
 .text.NmiSRHandler
                0x0000000000001c0e        0x2 KTMP/startup_gcc.o
                0x0000000000001c0e                NmiSR
 .text.FaultISRHandler
                0x0000000000001c10        0x2 KTMP/startup_gcc.o
                0x0000000000001c10                FaultISR
 .text.IntDefaultHandler
                0x0000000000001c12        0x2 KTMP/startup_gcc.o
                0x0000000000001c12                TRNGIntHandler
                0x0000000000001c12                SSI0IntHandler
                0x0000000000001c12                SWEvent0IntHandler
                0x0000000000001c12                uDMAIntHandler
                0x0000000000001c12                WatchdogIntHandler
                0x0000000000001c12                RFCHardwareIntHandler
                0x0000000000001c12                Timer1BIntHandler
                0x0000000000001c12                I2SIntHandler
                0x0000000000001c12                Timer2BIntHandler
                0x0000000000001c12                Timer2AIntHandler
                0x0000000000001c12                Timer1AIntHandler
                0x0000000000001c12                AONIntHandler
                0x0000000000001c12                AUXSWEvent0IntHandler
                0x0000000000001c12                AUXADCIntHandler
                0x0000000000001c12                PendSVIntHandler
                0x0000000000001c12                RFCCPE1IntHandler
                0x0000000000001c12                AUXSWEvent1IntHandler
                0x0000000000001c12                SVCallIntHandler
                0x0000000000001c12                MPUFaultIntHandler
                0x0000000000001c12                SysTickIntHandler
                0x0000000000001c12                BusFaultIntHandler
                0x0000000000001c12                AONProgIntHandler
                0x0000000000001c12                AUXCompAIntHandler
                0x0000000000001c12                SSI1IntHandler
                0x0000000000001c12                FlashIntHandler
                0x0000000000001c12                uDMAErrIntHandler
                0x0000000000001c12                UsageFaultIntHandler
                0x0000000000001c12                RFCCmdAckIntHandler
                0x0000000000001c12                CryptoIntHandler
                0x0000000000001c12                Timer0AIntHandler
                0x0000000000001c12                I2CIntHandler
                0x0000000000001c12                DebugMonIntHandler
                0x0000000000001c12                Timer0BIntHandler
                0x0000000000001c12                AUXCombEventIntHandler
                0x0000000000001c12                Timer3AIntHandler
                0x0000000000001c12                DynProgIntHandler
                0x0000000000001c12                Timer3BIntHandler
 .text.ResetISR
                0x0000000000001c14       0x4c KTMP/startup_gcc.o
                0x0000000000001c14                ResetISR
 .text.get_byte
                0x0000000000001c60       0x34 KTMP/storage_mx25r8035.o
 .text.put_byte
                0x0000000000001c94       0x30 KTMP/storage_mx25r8035.o
 .text.cmd_0    0x0000000000001cc4       0x18 KTMP/storage_mx25r8035.o
 .text.wwait    0x0000000000001cdc       0x54 KTMP/storage_mx25r8035.o
 .text.ready    0x0000000000001d30       0x40 KTMP/storage_mx25r8035.o
 .text.cclose   0x0000000000001d70       0x24 KTMP/storage_mx25r8035.o
 .text.ee_open  0x0000000000001d94       0x14 KTMP/storage_mx25r8035.o
                0x0000000000001d94                ee_open
 .text.ee_close
                0x0000000000001da8       0x14 KTMP/storage_mx25r8035.o
                0x0000000000001da8                ee_close
 .text.ser_in   0x0000000000001dbc       0x78 KTMP/ser_in.o
                0x0000000000001dbc                ser_in
 .text.ser_outf
                0x0000000000001e34       0x54 KTMP/ser_outf.o
                0x0000000000001e34                ser_outf
 .text.ser_inf  0x0000000000001e88       0x60 KTMP/ser_inf.o
                0x0000000000001e88                ser_inf
 .text.plugch   0x0000000000001ee8       0x20 KTMP/rfprop.o
 .text.option   0x0000000000001f08      0x190 KTMP/rfprop.o
 .text.issue_cmd
                0x0000000000002098       0x48 KTMP/rfprop.o
 .text.rx_de    0x00000000000020e0       0x24 KTMP/rfprop.o
 .text.rf_off   0x0000000000002104       0x5c KTMP/rfprop.o
 .text.wait_cmd.constprop.0
                0x0000000000002160       0x38 KTMP/rfprop.o
 .text.rf_on.part.0
                0x0000000000002198      0x180 KTMP/rfprop.o
 .text.rx_int_enable
                0x0000000000002318       0xd0 KTMP/rfprop.o
 .text.cc1350_driver
                0x00000000000023e8      0x1f0 KTMP/rfprop.o
                0x00000000000023e8                cc1350_driver
 .text.RFCCPE0IntHandler
                0x00000000000025d8       0x70 KTMP/rfprop.o
                0x00000000000025d8                RFCCPE0IntHandler
 .text.phys_cc1350
                0x0000000000002648      0x174 KTMP/rfprop.o
                0x0000000000002648                phys_cc1350
 .text.tcv_clo_null
                0x00000000000027bc       0x24 KTMP/plug_null.o
 .text.tcv_rcv_null
                0x00000000000027e0       0x24 KTMP/plug_null.o
 .text.tcv_frm_null
                0x0000000000002804        0x8 KTMP/plug_null.o
 .text.tcv_out_null
                0x000000000000280c        0x4 KTMP/plug_null.o
 .text.tcv_xmt_null
                0x0000000000002810        0x4 KTMP/plug_null.o
 .text.tcv_ope_null
                0x0000000000002814       0x48 KTMP/plug_null.o
 .text.__outserial
                0x000000000000285c       0x70 KTMP/__outserial.o
                0x000000000000285c                __outserial
 .text.__inserial
                0x00000000000028cc      0x11c KTMP/__inserial.o
                0x00000000000028cc                __inserial
 .text.outc.5724
                0x00000000000029e8       0x20 KTMP/vform.o
 .text.__pi_vfparse
                0x0000000000002a08      0x230 KTMP/vform.o
                0x0000000000002a08                __pi_vfparse
 .text.vform    0x0000000000002c38       0x50 KTMP/vform.o
                0x0000000000002c38                vform
 .text.vscan    0x0000000000002c88      0x390 KTMP/vscan.o
                0x0000000000002c88                vscan
 .text.SafeHapiVoid
                0x0000000000003018       0x28 /home/martin/Desktop/OLSONET/PICOS/PicOS/CC13XX/CC13XXWARE/driverlib/bin/gcc/driverlib.lib(adi.o)
                0x0000000000003018                SafeHapiVoid
 .text.NOROM_AONBatMonTemperatureGetDegC
                0x0000000000003040       0x30 /home/martin/Desktop/OLSONET/PICOS/PicOS/CC13XX/CC13XXWARE/driverlib/bin/gcc/driverlib.lib(aon_batmon.o)
                0x0000000000003040                NOROM_AONBatMonTemperatureGetDegC
 .text.NOROM_AONRTCCurrentCompareValueGet
                0x0000000000003070       0x20 /home/martin/Desktop/OLSONET/PICOS/PicOS/CC13XX/CC13XXWARE/driverlib/bin/gcc/driverlib.lib(aon_rtc.o)
                0x0000000000003070                NOROM_AONRTCCurrentCompareValueGet
 .text.NOROM_AONRTCCurrent64BitValueGet
                0x0000000000003090       0x18 /home/martin/Desktop/OLSONET/PICOS/PicOS/CC13XX/CC13XXWARE/driverlib/bin/gcc/driverlib.lib(aon_rtc.o)
                0x0000000000003090                NOROM_AONRTCCurrent64BitValueGet
 .text.NOROM_CPUcpsid
                0x00000000000030a8        0x8 /home/martin/Desktop/OLSONET/PICOS/PicOS/CC13XX/CC13XXWARE/driverlib/bin/gcc/driverlib.lib(cpu.o)
                0x00000000000030a8                NOROM_CPUcpsid
 .text.NOROM_CPUcpsie
                0x00000000000030b0        0x8 /home/martin/Desktop/OLSONET/PICOS/PicOS/CC13XX/CC13XXWARE/driverlib/bin/gcc/driverlib.lib(cpu.o)
                0x00000000000030b0                NOROM_CPUcpsie
 .text.NOROM_OSCClockSourceSet
                0x00000000000030b8       0x5c /home/martin/Desktop/OLSONET/PICOS/PicOS/CC13XX/CC13XXWARE/driverlib/bin/gcc/driverlib.lib(osc.o)
                0x00000000000030b8                NOROM_OSCClockSourceSet
 .text.NOROM_OSCClockSourceGet
                0x0000000000003114       0x2c /home/martin/Desktop/OLSONET/PICOS/PicOS/CC13XX/CC13XXWARE/driverlib/bin/gcc/driverlib.lib(osc.o)
                0x0000000000003114                NOROM_OSCClockSourceGet
 .text.NOROM_OSCHF_TurnOnXosc
                0x0000000000003140       0x18 /home/martin/Desktop/OLSONET/PICOS/PicOS/CC13XX/CC13XXWARE/driverlib/bin/gcc/driverlib.lib(osc.o)
                0x0000000000003140                NOROM_OSCHF_TurnOnXosc
 .text.NOROM_OSCHF_AttemptToSwitchToXosc
                0x0000000000003158       0x60 /home/martin/Desktop/OLSONET/PICOS/PicOS/CC13XX/CC13XXWARE/driverlib/bin/gcc/driverlib.lib(osc.o)
                0x0000000000003158                NOROM_OSCHF_AttemptToSwitchToXosc
 .text.NOROM_OSCHF_SwitchToRcOscTurnOffXosc
                0x00000000000031b8       0x34 /home/martin/Desktop/OLSONET/PICOS/PicOS/CC13XX/CC13XXWARE/driverlib/bin/gcc/driverlib.lib(osc.o)
                0x00000000000031b8                NOROM_OSCHF_SwitchToRcOscTurnOffXosc
 .text.NOROM_RFCDoorbellSendTo
                0x00000000000031ec       0x28 /home/martin/Desktop/OLSONET/PICOS/PicOS/CC13XX/CC13XXWARE/driverlib/bin/gcc/driverlib.lib(rfc.o)
                0x00000000000031ec                NOROM_RFCDoorbellSendTo
 .text.NOROM_RFCSynthPowerDown
                0x0000000000003214       0x4c /home/martin/Desktop/OLSONET/PICOS/PicOS/CC13XX/CC13XXWARE/driverlib/bin/gcc/driverlib.lib(rfc.o)
                0x0000000000003214                NOROM_RFCSynthPowerDown
 .text.NOROM_RFCRfTrimRead
                0x0000000000003260      0x150 /home/martin/Desktop/OLSONET/PICOS/PicOS/CC13XX/CC13XXWARE/driverlib/bin/gcc/driverlib.lib(rfc.o)
                0x0000000000003260                NOROM_RFCRfTrimRead
 .text.NOROM_RFCRTrim
                0x00000000000033b0      0x118 /home/martin/Desktop/OLSONET/PICOS/PicOS/CC13XX/CC13XXWARE/driverlib/bin/gcc/driverlib.lib(rfc.o)
                0x00000000000033b0                NOROM_RFCRTrim
 .text.NOROM_RFCRfTrimSet
                0x00000000000034c8       0x20 /home/martin/Desktop/OLSONET/PICOS/PicOS/CC13XX/CC13XXWARE/driverlib/bin/gcc/driverlib.lib(rfc.o)
                0x00000000000034c8                NOROM_RFCRfTrimSet
 .text.NOROM_RFCAdi3VcoLdoVoltageMode
                0x00000000000034e8       0x1c /home/martin/Desktop/OLSONET/PICOS/PicOS/CC13XX/CC13XXWARE/driverlib/bin/gcc/driverlib.lib(rfc.o)
                0x00000000000034e8                NOROM_RFCAdi3VcoLdoVoltageMode
 .text.TrimAfterColdResetWakeupFromShutDown
                0x0000000000003504       0xd4 /home/martin/Desktop/OLSONET/PICOS/PicOS/CC13XX/CC13XXWARE/driverlib/bin/gcc/driverlib.lib(setup.o)
 .text.NOROM_SetupTrimDevice
                0x00000000000035d8       0xa4 /home/martin/Desktop/OLSONET/PICOS/PicOS/CC13XX/CC13XXWARE/driverlib/bin/gcc/driverlib.lib(setup.o)
                0x00000000000035d8                NOROM_SetupTrimDevice
 .text.NOROM_SetupSetVddrLevel
                0x000000000000367c       0x7c /home/martin/Desktop/OLSONET/PICOS/PicOS/CC13XX/CC13XXWARE/driverlib/bin/gcc/driverlib.lib(setup_rom.o)
                0x000000000000367c                NOROM_SetupSetVddrLevel
 .text.NOROM_SetupAfterColdResetWakeupFromShutDownCfg1
                0x00000000000036f8       0xac /home/martin/Desktop/OLSONET/PICOS/PicOS/CC13XX/CC13XXWARE/driverlib/bin/gcc/driverlib.lib(setup_rom.o)
                0x00000000000036f8                NOROM_SetupAfterColdResetWakeupFromShutDownCfg1
 .text.NOROM_SetupGetTrimForAnabypassValue1
                0x00000000000037a4       0x5c /home/martin/Desktop/OLSONET/PICOS/PicOS/CC13XX/CC13XXWARE/driverlib/bin/gcc/driverlib.lib(setup_rom.o)
                0x00000000000037a4                NOROM_SetupGetTrimForAnabypassValue1
 .text.NOROM_SetupGetTrimForRcOscLfRtuneCtuneTrim
                0x0000000000003800       0x18 /home/martin/Desktop/OLSONET/PICOS/PicOS/CC13XX/CC13XXWARE/driverlib/bin/gcc/driverlib.lib(setup_rom.o)
                0x0000000000003800                NOROM_SetupGetTrimForRcOscLfRtuneCtuneTrim
 .text.NOROM_SetupGetTrimForAmpcompTh2
                0x0000000000003818       0x10 /home/martin/Desktop/OLSONET/PICOS/PicOS/CC13XX/CC13XXWARE/driverlib/bin/gcc/driverlib.lib(setup_rom.o)
                0x0000000000003818                NOROM_SetupGetTrimForAmpcompTh2
 .text.NOROM_SetupGetTrimForAmpcompTh1
                0x0000000000003828       0x14 /home/martin/Desktop/OLSONET/PICOS/PicOS/CC13XX/CC13XXWARE/driverlib/bin/gcc/driverlib.lib(setup_rom.o)
                0x0000000000003828                NOROM_SetupGetTrimForAmpcompTh1
 .text.NOROM_SetupGetTrimForAmpcompCtrl
                0x000000000000383c       0x64 /home/martin/Desktop/OLSONET/PICOS/PicOS/CC13XX/CC13XXWARE/driverlib/bin/gcc/driverlib.lib(setup_rom.o)
                0x000000000000383c                NOROM_SetupGetTrimForAmpcompCtrl
 .text.NOROM_SetupGetTrimForDblrLoopFilterResetVoltage
                0x00000000000038a0       0x14 /home/martin/Desktop/OLSONET/PICOS/PicOS/CC13XX/CC13XXWARE/driverlib/bin/gcc/driverlib.lib(setup_rom.o)
                0x00000000000038a0                NOROM_SetupGetTrimForDblrLoopFilterResetVoltage
 .text.NOROM_SetupGetTrimForAdcShModeEn
                0x00000000000038b4       0x14 /home/martin/Desktop/OLSONET/PICOS/PicOS/CC13XX/CC13XXWARE/driverlib/bin/gcc/driverlib.lib(setup_rom.o)
                0x00000000000038b4                NOROM_SetupGetTrimForAdcShModeEn
 .text.NOROM_SetupGetTrimForAdcShVbufEn
                0x00000000000038c8       0x14 /home/martin/Desktop/OLSONET/PICOS/PicOS/CC13XX/CC13XXWARE/driverlib/bin/gcc/driverlib.lib(setup_rom.o)
                0x00000000000038c8                NOROM_SetupGetTrimForAdcShVbufEn
 .text.NOROM_SetupGetTrimForXoscHfCtl
                0x00000000000038dc       0x28 /home/martin/Desktop/OLSONET/PICOS/PicOS/CC13XX/CC13XXWARE/driverlib/bin/gcc/driverlib.lib(setup_rom.o)
                0x00000000000038dc                NOROM_SetupGetTrimForXoscHfCtl
 .text.NOROM_SetupGetTrimForXoscHfFastStart
                0x0000000000003904       0x10 /home/martin/Desktop/OLSONET/PICOS/PicOS/CC13XX/CC13XXWARE/driverlib/bin/gcc/driverlib.lib(setup_rom.o)
                0x0000000000003904                NOROM_SetupGetTrimForXoscHfFastStart
 .text.NOROM_SetupGetTrimForRadcExtCfg
                0x0000000000003914       0x2c /home/martin/Desktop/OLSONET/PICOS/PicOS/CC13XX/CC13XXWARE/driverlib/bin/gcc/driverlib.lib(setup_rom.o)
                0x0000000000003914                NOROM_SetupGetTrimForRadcExtCfg
 .text.NOROM_SetupGetTrimForRcOscLfIBiasTrim
                0x0000000000003940       0x14 /home/martin/Desktop/OLSONET/PICOS/PicOS/CC13XX/CC13XXWARE/driverlib/bin/gcc/driverlib.lib(setup_rom.o)
                0x0000000000003940                NOROM_SetupGetTrimForRcOscLfIBiasTrim
 .text.NOROM_SetupGetTrimForXoscLfRegulatorAndCmirrwrRatio
                0x0000000000003954       0x14 /home/martin/Desktop/OLSONET/PICOS/PicOS/CC13XX/CC13XXWARE/driverlib/bin/gcc/driverlib.lib(setup_rom.o)
                0x0000000000003954                NOROM_SetupGetTrimForXoscLfRegulatorAndCmirrwrRatio
 .text.NOROM_SetupAfterColdResetWakeupFromShutDownCfg2
                0x0000000000003968      0x110 /home/martin/Desktop/OLSONET/PICOS/PicOS/CC13XX/CC13XXWARE/driverlib/bin/gcc/driverlib.lib(setup_rom.o)
                0x0000000000003968                NOROM_SetupAfterColdResetWakeupFromShutDownCfg2
 .text.NOROM_SetupSetCacheModeAccordingToCcfgSetting
                0x0000000000003a78       0x64 /home/martin/Desktop/OLSONET/PICOS/PicOS/CC13XX/CC13XXWARE/driverlib/bin/gcc/driverlib.lib(setup_rom.o)
                0x0000000000003a78                NOROM_SetupSetCacheModeAccordingToCcfgSetting
 .text.NOROM_SetupSetAonRtcSubSecInc
                0x0000000000003adc       0x28 /home/martin/Desktop/OLSONET/PICOS/PicOS/CC13XX/CC13XXWARE/driverlib/bin/gcc/driverlib.lib(setup_rom.o)
                0x0000000000003adc                NOROM_SetupSetAonRtcSubSecInc
 .text.NOROM_SetupAfterColdResetWakeupFromShutDownCfg3
                0x0000000000003b04      0x150 /home/martin/Desktop/OLSONET/PICOS/PicOS/CC13XX/CC13XXWARE/driverlib/bin/gcc/driverlib.lib(setup_rom.o)
                0x0000000000003b04                NOROM_SetupAfterColdResetWakeupFromShutDownCfg3
 .text.NOROM_SysCtrlSetRechargeBeforePowerDown
                0x0000000000003c54      0x220 /home/martin/Desktop/OLSONET/PICOS/PicOS/CC13XX/CC13XXWARE/driverlib/bin/gcc/driverlib.lib(sys_ctrl.o)
                0x0000000000003c54                NOROM_SysCtrlSetRechargeBeforePowerDown
 .text.NOROM_SysCtrlAdjustRechargeAfterPowerDown
                0x0000000000003e74       0x60 /home/martin/Desktop/OLSONET/PICOS/PicOS/CC13XX/CC13XXWARE/driverlib/bin/gcc/driverlib.lib(sys_ctrl.o)
                0x0000000000003e74                NOROM_SysCtrlAdjustRechargeAfterPowerDown
 .text.NOROM_SysCtrlResetSourceGet
                0x0000000000003ed4       0x18 /home/martin/Desktop/OLSONET/PICOS/PicOS/CC13XX/CC13XXWARE/driverlib/bin/gcc/driverlib.lib(sys_ctrl.o)
                0x0000000000003ed4                NOROM_SysCtrlResetSourceGet
 .text.NOROM_ChipInfo_GetChipFamily
                0x0000000000003eec       0x4c /home/martin/Desktop/OLSONET/PICOS/PicOS/CC13XX/CC13XXWARE/driverlib/bin/gcc/driverlib.lib(chipinfo.o)
                0x0000000000003eec                NOROM_ChipInfo_GetChipFamily
 .text.NOROM_ChipInfo_GetHwRevision
                0x0000000000003f38       0x6c /home/martin/Desktop/OLSONET/PICOS/PicOS/CC13XX/CC13XXWARE/driverlib/bin/gcc/driverlib.lib(chipinfo.o)
                0x0000000000003f38                NOROM_ChipInfo_GetHwRevision
 .text.NOROM_ThisCodeIsBuiltForCC13xxHwRev20AndLater_HaltIfViolated
                0x0000000000003fa4       0x16 /home/martin/Desktop/OLSONET/PICOS/PicOS/CC13XX/CC13XXWARE/driverlib/bin/gcc/driverlib.lib(chipinfo.o)
                0x0000000000003fa4                NOROM_ThisCodeIsBuiltForCC13xxHwRev20AndLater_HaltIfViolated
 *fill*         0x0000000000003fba        0x2 00000000
 .text.AuxAdiDdiSafeWrite.constprop.1
                0x0000000000003fbc       0x28 /home/martin/Desktop/OLSONET/PICOS/PicOS/CC13XX/CC13XXWARE/driverlib/bin/gcc/driverlib.lib(ddi.o)
 .text.NOROM_DDI32RegWrite
                0x0000000000003fe4        0x8 /home/martin/Desktop/OLSONET/PICOS/PicOS/CC13XX/CC13XXWARE/driverlib/bin/gcc/driverlib.lib(ddi.o)
                0x0000000000003fe4                NOROM_DDI32RegWrite
 .text          0x0000000000003fec       0xac /usr/lib/gcc/arm-none-eabi/9.2.1/../../../arm-none-eabi/lib/thumb/nofp/libg.a(lib_a-memcpy-stub.o)
                0x0000000000003fec                memcpy
 .text          0x0000000000004098       0x4c /usr/lib/gcc/arm-none-eabi/9.2.1/../../../arm-none-eabi/lib/thumb/nofp/libg.a(lib_a-rand.o)
                0x0000000000004098                srand
                0x00000000000040ac                rand
 .text          0x00000000000040e4       0x38 /usr/lib/gcc/arm-none-eabi/9.2.1/../../../arm-none-eabi/lib/thumb/nofp/libg.a(lib_a-time.o)
                0x00000000000040e4                time
 .text          0x000000000000411c       0x2c /usr/lib/gcc/arm-none-eabi/9.2.1/../../../arm-none-eabi/lib/thumb/nofp/libg.a(lib_a-gettimeofdayr.o)
                0x000000000000411c                _gettimeofday_r
 .text          0x0000000000004148       0x54 /usr/lib/gcc/arm-none-eabi/9.2.1/thumb/nofp/libgcc.a(_muldi3.o)
                0x0000000000004148                __aeabi_lmul
                0x0000000000004148                __muldi3
 .text          0x000000000000419c       0x10 /usr/lib/gcc/arm-none-eabi/9.2.1/../../../arm-none-eabi/lib/thumb/nofp/libnosys.a(gettod.o)
                0x000000000000419c                _gettimeofday
 *(.rodata*)
 .rodata.transmitter.str1.1
                0x00000000000041ac        0xf KTMP/app.o
 .rodata.root.str1.1
                0x00000000000041bb      0x1d6 KTMP/app.o
                                        0x1d9 (size before relaxing)
 .rodata.__pi_syserror.str1.1
                0x0000000000004391        0xf KTMP/main.o
 .rodata.ioreq_uart_a.str1.1
                0x00000000000043a0        0x8 KTMP/main.o
 .rodata.system_init.str1.1
                0x00000000000043a8       0x63 KTMP/main.o
                                         0x64 (size before relaxing)
 .rodata.__pi_release.str1.1
                0x000000000000440b        0x3 KTMP/main.o
 .rodata.halt.str1.1
                0x000000000000440e        0xd KTMP/main.o
 *fill*         0x000000000000441b        0x1 00000000
 .rodata.port_confs
                0x000000000000441c       0x44 KTMP/main.o
                0x000000000000441c                port_confs
 .rodata.__pi_badstate.str1.1
                0x0000000000004460        0x6 KTMP/kernel.o
 .rodata.utimer_add.str1.1
                0x0000000000004466        0x5 KTMP/kernel.o
 .rodata.__pi_wait.str1.1
                0x000000000000446b        0x3 KTMP/kernel.o
 .rodata.adddevfunc.str1.1
                0x000000000000446e        0x5 KTMP/kernel.o
 .rodata.io.str1.1
                0x0000000000004473        0x3 KTMP/kernel.o
 .rodata.__pi_malloc_init.str1.1
                0x0000000000004476        0x5 KTMP/kernel.o
 .rodata.__pi_free.str1.1
                0x000000000000447b        0x5 KTMP/kernel.o
 .rodata.kill.str1.1
                0x0000000000004480        0x4 KTMP/kernel.o
 .rodata.__pi_malloc.str1.1
                0x0000000000004484        0x5 KTMP/kernel.o
 .rodata.__pi_hex_enc_table
                0x0000000000004489       0x10 KTMP/kernel.o
                0x0000000000004489                __pi_hex_enc_table
 .rodata.enq.str1.1
                0x0000000000004499        0x6 KTMP/tcv.o
 .rodata.dispose.str1.1
                0x000000000000449f       0x18 KTMP/tcv.o
 .rodata.tcv_endp.str1.1
                0x00000000000044b7        0xc KTMP/tcv.o
 .rodata.tcv_open.str1.1
                0x00000000000044c3       0x12 KTMP/tcv.o
 .rodata.tcv_wnps.str1.1
                0x00000000000044d5       0x12 KTMP/tcv.o
 .rodata.tcvp_control.str1.1
                0x00000000000044e7        0x6 KTMP/tcv.o
 .rodata.tcv_control.str1.1
                0x00000000000044ed        0x6 KTMP/tcv.o
 .rodata.tcvp_new.str1.1
                0x00000000000044f3        0xc KTMP/tcv.o
 .rodata.tcvphy_reg.str1.1
                0x00000000000044ff        0xc KTMP/tcv.o
 .rodata.tcvphy_rcv.str1.1
                0x000000000000450b        0xc KTMP/tcv.o
 .rodata.tcvphy_get.str1.1
                0x0000000000004517        0x6 KTMP/tcv.o
 .rodata.tcvphy_top.str1.1
                0x000000000000451d        0x6 KTMP/tcv.o
 .rodata.tcvphy_end.str1.1
                0x0000000000004523        0x6 KTMP/tcv.o
 .rodata.__input_pins
                0x0000000000004529        0x4 KTMP/pin_sensor.o
                0x0000000000004529                __input_pins
 *fill*         0x000000000000452d        0x1 00000000
 .rodata.__button_list
                0x000000000000452e        0x4 KTMP/buttons.o
                0x000000000000452e                __button_list
 .rodata.option.str1.1
                0x0000000000004532        0x8 KTMP/rfprop.o
 .rodata.issue_cmd.str1.1
                0x000000000000453a       0x19 KTMP/rfprop.o
 .rodata.wait_cmd.constprop.0.str1.1
                0x0000000000004553       0x14 KTMP/rfprop.o
 .rodata.rx_int_enable.str1.1
                0x0000000000004567        0x7 KTMP/rfprop.o
 .rodata.cc1350_driver.str1.1
                0x000000000000456e        0x8 KTMP/rfprop.o
 .rodata.phys_cc1350.str1.1
                0x0000000000004576       0x20 KTMP/rfprop.o
 .rodata.patable
                0x0000000000004596       0x10 KTMP/rfprop.o
 *fill*         0x00000000000045a6        0x2 00000000
 .rodata.patchGenfskRfe
                0x00000000000045a8      0x6b4 KTMP/rfprop.o
 .rodata.patchImageGenfsk
                0x0000000000004c5c      0x28c KTMP/rfprop.o
 .rodata.ratable
                0x0000000000004ee8        0xc KTMP/rfprop.o
 .rodata.tcv_ope_null.str1.1
                0x0000000000004ef4       0x17 KTMP/plug_null.o
 *fill*         0x0000000000004f0b        0x1 00000000
 .rodata.plug_null
                0x0000000000004f0c       0x20 KTMP/plug_null.o
                0x0000000000004f0c                plug_null
 *(.init)
 *(.fini*)
 *(.eh_frame*)
                0x0000000000004f2c                _etext = .

.glue_7         0x0000000000004f2c        0x0
 .glue_7        0x0000000000004f2c        0x0 linker stubs

.glue_7t        0x0000000000004f2c        0x0
 .glue_7t       0x0000000000004f2c        0x0 linker stubs

.vfp11_veneer   0x0000000000004f2c        0x0
 .vfp11_veneer  0x0000000000004f2c        0x0 linker stubs

.v4_bx          0x0000000000004f2c        0x0
 .v4_bx         0x0000000000004f2c        0x0 linker stubs

.iplt           0x0000000000004f2c        0x0
 .iplt          0x0000000000004f2c        0x0 KTMP/app.o

.ARM.exidx      0x0000000000004f2c        0x0
                0x0000000000004f2c                __exidx_start = .
 *(.ARM.exidx* .gnu.linkonce.armexidx.*)
                0x0000000000004f2c                __exidx_end = .

.ARM.extab
 *(.ARM.extab* .gnu.linkonce.armextab.*)

.data           0x0000000020000000      0x540 load address 0x0000000000004f2c
                0x0000000020000000                _data = .
 *(vtable)
 *(.data*)
 .data.sfd      0x0000000020000000        0x4 KTMP/app.o
                0x0000000020000000                sfd
 .data.__pi_seed
                0x0000000020000004        0x4 KTMP/kernel.o
                0x0000000020000004                __pi_seed
 .data.cmd_cs   0x0000000020000008       0x1c KTMP/rfprop.o
 .data.cmd_srt  0x0000000020000024       0x14 KTMP/rfprop.o
 .data.offdelay
                0x0000000020000038        0x2 KTMP/rfprop.o
 .data.vrate    0x000000002000003a        0x1 KTMP/rfprop.o
 *fill*         0x000000002000003b        0x1 
 .data.RF_cmdFs
                0x000000002000003c       0x18 KTMP/smartrf_settings_lp_hr.o
                0x000000002000003c                RF_cmdFs
 .data.RF_cmdPropRadioDivSetup
                0x0000000020000054       0x28 KTMP/smartrf_settings_lp_hr.o
                0x0000000020000054                RF_cmdPropRadioDivSetup
 .data.RF_cmdPropRx
                0x000000002000007c       0x24 KTMP/smartrf_settings_lp_hr.o
                0x000000002000007c                RF_cmdPropRx
 .data.RF_cmdPropTx
                0x00000000200000a0       0x18 KTMP/smartrf_settings_lp_hr.o
                0x00000000200000a0                RF_cmdPropTx
 .data.pOverrides
                0x00000000200000b8       0x54 KTMP/smartrf_settings_lp_hr.o
 *fill*         0x000000002000010c        0x4 
 .data          0x0000000020000110      0x430 /usr/lib/gcc/arm-none-eabi/9.2.1/../../../arm-none-eabi/lib/thumb/nofp/libg.a(lib_a-impure.o)
                0x0000000020000110                _impure_ptr
                0x0000000020000540                _edata = .

.igot.plt       0x0000000020000540        0x0 load address 0x000000000000546c
 .igot.plt      0x0000000020000540        0x0 KTMP/app.o

.bss            0x0000000020000540      0x630 load address 0x000000000000546c
                0x0000000020000540                __bss_start__ = .
                0x0000000020000540                _bss = .
 *(.bss*)
 .bss.messagePtr.6917
                0x0000000020000540        0x4 KTMP/app.o
 .bss.receiverId.6916
                0x0000000020000544        0x1 KTMP/app.o
 *fill*         0x0000000020000545        0x1 
 .bss.setdel    0x0000000020000546        0x2 KTMP/main.o
 .bss.urates    0x0000000020000548        0x2 KTMP/main.o
 *fill*         0x000000002000054a        0x2 
 .bss.__PCB     0x000000002000054c        0x4 KTMP/kernel.o
                0x000000002000054c                __PCB
 .bss.ioreq     0x0000000020000550        0x4 KTMP/kernel.o
 .bss.mcfree    0x0000000020000554        0x4 KTMP/kernel.o
 .bss.mevent    0x0000000020000558        0x2 KTMP/kernel.o
 *fill*         0x000000002000055a        0x2 
 .bss.mnfree    0x000000002000055c        0x4 KTMP/kernel.o
 .bss.mpools    0x0000000020000560        0x4 KTMP/kernel.o
 .bss.descriptors
                0x0000000020000564       0x20 KTMP/tcv.o
 .bss.oqueues   0x0000000020000584        0xc KTMP/tcv.o
 .bss.physical  0x0000000020000590        0xc KTMP/tcv.o
 .bss.physinfo  0x000000002000059c        0xc KTMP/tcv.o
 .bss.plugins   0x00000000200005a8        0xc KTMP/tcv.o
 .bss.dopen     0x00000000200005b4        0x1 KTMP/storage_mx25r8035.o
 .bss.dstat     0x00000000200005b5        0x1 KTMP/storage_mx25r8035.o
 .bss.bckf_timer
                0x00000000200005b6        0x2 KTMP/rfprop.o
 .bss.channel   0x00000000200005b8        0x1 KTMP/rfprop.o
 *fill*         0x00000000200005b9        0x3 
 .bss.drvprcs   0x00000000200005bc        0x4 KTMP/rfprop.o
 .bss.dstate    0x00000000200005c0        0x1 KTMP/rfprop.o
 *fill*         0x00000000200005c1        0x3 
 .bss.paylen    0x00000000200005c4        0x4 KTMP/rfprop.o
 .bss.physid    0x00000000200005c8        0x2 KTMP/rfprop.o
 *fill*         0x00000000200005ca        0x2 
 .bss.qevent    0x00000000200005cc        0x4 KTMP/rfprop.o
 .bss.rbuffl    0x00000000200005d0        0x1 KTMP/rfprop.o
 *fill*         0x00000000200005d1        0x3 
 .bss.rfTrim    0x00000000200005d4       0x10 KTMP/rfprop.o
 .bss.rxstat    0x00000000200005e4        0xc KTMP/rfprop.o
 .bss.statid    0x00000000200005f0        0x2 KTMP/rfprop.o
 .bss.txtries   0x00000000200005f2        0x1 KTMP/rfprop.o
 *fill*         0x00000000200005f3        0x1 
 .bss.ndsc_null
                0x00000000200005f4        0x4 KTMP/plug_null.o
 .bss.len.5699  0x00000000200005f8        0x4 KTMP/__outserial.o
 .bss.ptr.5698  0x00000000200005fc        0x4 KTMP/__outserial.o
 .bss.__inpline
                0x0000000020000600        0x4 KTMP/__inserial.o
                0x0000000020000600                __inpline
 .bss.len.5700  0x0000000020000604        0x4 KTMP/__inserial.o
 .bss.ptr.5699  0x0000000020000608        0x4 KTMP/__inserial.o
 .bss.oscHfGlobals
                0x000000002000060c       0x14 /home/martin/Desktop/OLSONET/PICOS/PicOS/CC13XX/CC13XXWARE/driverlib/bin/gcc/driverlib.lib(osc.o)
 .bss.powerQualGlobals
                0x0000000020000620        0x8 /home/martin/Desktop/OLSONET/PICOS/PicOS/CC13XX/CC13XXWARE/driverlib/bin/gcc/driverlib.lib(sys_ctrl.o)
 *(COMMON)
 COMMON         0x0000000020000628      0x510 KTMP/app.o
                0x0000000020000628                nodeId
                0x0000000020000630                database
                0x0000000020000b30                currentProtocol
                0x0000000020000b32                groupId
                0x0000000020000b34                recordCount
 COMMON         0x0000000020000b38        0xc KTMP/main.o
                0x0000000020000b38                __pi_uart
                0x0000000020000b40                system_event_count
 COMMON         0x0000000020000b44       0x28 KTMP/kernel.o
                0x0000000020000b44                entropy
                0x0000000020000b48                __pi_mintk
                0x0000000020000b4a                __pi_old
                0x0000000020000b4c                __pi_systat
                0x0000000020000b54                __pi_new
                0x0000000020000b58                __pi_utims
                0x0000000020000b68                __pi_curr
 COMMON         0x0000000020000b6c        0x4 /usr/lib/gcc/arm-none-eabi/9.2.1/../../../arm-none-eabi/lib/thumb/nofp/libg.a(lib_a-reent.o)
                0x0000000020000b6c                errno
                0x0000000020000b70                . = ALIGN (0x4)
                0x0000000020000b70                _ebss = .
                0x0000000020000b70                __bss_end__ = .

.ccfg           0x000000000001ffa8       0x58
 *(.ccfg)
 .ccfg          0x000000000001ffa8       0x58 KTMP/ccfg.o
                0x000000000001ffa8                __ccfg

.rel.dyn        0x0000000000020000        0x0
 .rel.iplt      0x0000000000020000        0x0 KTMP/app.o

._user_heap_stack
                0x0000000020000b70      0x100
                0x0000000020000b70                . = ALIGN (0x4)
                0x0000000020000b70                . = (. + _Min_Heap_Size)
                0x0000000020000c70                . = (. + _Min_Stack_Size)
 *fill*         0x0000000020000b70      0x100 
                0x0000000020000c70                . = ALIGN (0x4)

.gpram
LOAD KTMP/app.o
LOAD KTMP/main.o
LOAD KTMP/kernel.o
LOAD KTMP/tcv.o
LOAD KTMP/startup_gcc.o
LOAD KTMP/ccfg.o
LOAD KTMP/sensors.o
LOAD KTMP/analog_sensor.o
LOAD KTMP/pin_sensor.o
LOAD KTMP/pins_sys.o
LOAD KTMP/buttons.o
LOAD KTMP/storage_mx25r8035.o
LOAD KTMP/ser_out.o
LOAD KTMP/ser_outb.o
LOAD KTMP/ser_in.o
LOAD KTMP/ser_select.o
LOAD KTMP/form.o
LOAD KTMP/scan.o
LOAD KTMP/ser_outf.o
LOAD KTMP/ser_inf.o
LOAD KTMP/rfprop.o
LOAD KTMP/plug_null.o
LOAD KTMP/__outserial.o
LOAD KTMP/__inserial.o
LOAD KTMP/vform.o
LOAD KTMP/vscan.o
LOAD KTMP/smartrf_settings_lp_hr.o
LOAD /home/martin/Desktop/OLSONET/PICOS/PicOS/CC13XX/CC13XXWARE/driverlib/bin/gcc/driverlib.lib
START GROUP
LOAD /usr/lib/gcc/arm-none-eabi/9.2.1/thumb/nofp/libgcc.a
LOAD /usr/lib/gcc/arm-none-eabi/9.2.1/../../../arm-none-eabi/lib/thumb/nofp/libg.a
LOAD /usr/lib/gcc/arm-none-eabi/9.2.1/../../../arm-none-eabi/lib/thumb/nofp/libc.a
END GROUP
START GROUP
LOAD /usr/lib/gcc/arm-none-eabi/9.2.1/thumb/nofp/libgcc.a
LOAD /usr/lib/gcc/arm-none-eabi/9.2.1/../../../arm-none-eabi/lib/thumb/nofp/libc.a
LOAD /usr/lib/gcc/arm-none-eabi/9.2.1/../../../arm-none-eabi/lib/thumb/nofp/libnosys.a
END GROUP
OUTPUT(Image elf32-littlearm)
LOAD linker stubs

.debug_info     0x0000000000000000    0x16251
 .debug_info    0x0000000000000000     0x131f KTMP/app.o
 .debug_info    0x000000000000131f     0x1490 KTMP/main.o
 .debug_info    0x00000000000027af     0x1223 KTMP/kernel.o
 .debug_info    0x00000000000039d2     0x1337 KTMP/tcv.o
 .debug_info    0x0000000000004d09      0x178 KTMP/startup_gcc.o
 .debug_info    0x0000000000004e81      0x53b KTMP/ccfg.o
 .debug_info    0x00000000000053bc      0x504 KTMP/pin_sensor.o
 .debug_info    0x00000000000058c0      0x4fa KTMP/buttons.o
 .debug_info    0x0000000000005dba      0xaab KTMP/storage_mx25r8035.o
 .debug_info    0x0000000000006865      0x416 KTMP/ser_in.o
 .debug_info    0x0000000000006c7b      0x450 KTMP/ser_outf.o
 .debug_info    0x00000000000070cb      0x450 KTMP/ser_inf.o
 .debug_info    0x000000000000751b     0x2478 KTMP/rfprop.o
 .debug_info    0x0000000000009993      0x735 KTMP/plug_null.o
 .debug_info    0x000000000000a0c8      0x431 KTMP/__outserial.o
 .debug_info    0x000000000000a4f9      0x444 KTMP/__inserial.o
 .debug_info    0x000000000000a93d      0x5f4 KTMP/vform.o
 .debug_info    0x000000000000af31      0x593 KTMP/vscan.o
 .debug_info    0x000000000000b4c4     0x1fee KTMP/smartrf_settings_lp_hr.o
 .debug_info    0x000000000000d4b2      0x18e /home/martin/Desktop/OLSONET/PICOS/PicOS/CC13XX/CC13XXWARE/driverlib/bin/gcc/driverlib.lib(adi.o)
 .debug_info    0x000000000000d640       0xd9 /home/martin/Desktop/OLSONET/PICOS/PicOS/CC13XX/CC13XXWARE/driverlib/bin/gcc/driverlib.lib(aon_batmon.o)
 .debug_info    0x000000000000d719      0x147 /home/martin/Desktop/OLSONET/PICOS/PicOS/CC13XX/CC13XXWARE/driverlib/bin/gcc/driverlib.lib(aon_rtc.o)
 .debug_info    0x000000000000d860      0x13a /home/martin/Desktop/OLSONET/PICOS/PicOS/CC13XX/CC13XXWARE/driverlib/bin/gcc/driverlib.lib(cpu.o)
 .debug_info    0x000000000000d99a      0x8c3 /home/martin/Desktop/OLSONET/PICOS/PicOS/CC13XX/CC13XXWARE/driverlib/bin/gcc/driverlib.lib(osc.o)
 .debug_info    0x000000000000e25d      0xab8 /home/martin/Desktop/OLSONET/PICOS/PicOS/CC13XX/CC13XXWARE/driverlib/bin/gcc/driverlib.lib(rfc.o)
 .debug_info    0x000000000000ed15      0x20b /home/martin/Desktop/OLSONET/PICOS/PicOS/CC13XX/CC13XXWARE/driverlib/bin/gcc/driverlib.lib(setup.o)
 .debug_info    0x000000000000ef20      0xb1b /home/martin/Desktop/OLSONET/PICOS/PicOS/CC13XX/CC13XXWARE/driverlib/bin/gcc/driverlib.lib(setup_rom.o)
 .debug_info    0x000000000000fa3b      0x927 /home/martin/Desktop/OLSONET/PICOS/PicOS/CC13XX/CC13XXWARE/driverlib/bin/gcc/driverlib.lib(sys_ctrl.o)
 .debug_info    0x0000000000010362      0x3d0 /home/martin/Desktop/OLSONET/PICOS/PicOS/CC13XX/CC13XXWARE/driverlib/bin/gcc/driverlib.lib(chipinfo.o)
 .debug_info    0x0000000000010732      0x5ab /home/martin/Desktop/OLSONET/PICOS/PicOS/CC13XX/CC13XXWARE/driverlib/bin/gcc/driverlib.lib(ddi.o)
 .debug_info    0x0000000000010cdd      0xf35 /usr/lib/gcc/arm-none-eabi/9.2.1/../../../arm-none-eabi/lib/thumb/nofp/libg.a(lib_a-memcpy-stub.o)
 .debug_info    0x0000000000011c12      0x97a /usr/lib/gcc/arm-none-eabi/9.2.1/../../../arm-none-eabi/lib/thumb/nofp/libg.a(lib_a-rand.o)
 .debug_info    0x000000000001258c      0x9f9 /usr/lib/gcc/arm-none-eabi/9.2.1/../../../arm-none-eabi/lib/thumb/nofp/libg.a(lib_a-time.o)
 .debug_info    0x0000000000012f85      0xa38 /usr/lib/gcc/arm-none-eabi/9.2.1/../../../arm-none-eabi/lib/thumb/nofp/libg.a(lib_a-gettimeofdayr.o)
 .debug_info    0x00000000000139bd      0x92a /usr/lib/gcc/arm-none-eabi/9.2.1/../../../arm-none-eabi/lib/thumb/nofp/libg.a(lib_a-impure.o)
 .debug_info    0x00000000000142e7      0xac2 /usr/lib/gcc/arm-none-eabi/9.2.1/../../../arm-none-eabi/lib/thumb/nofp/libg.a(lib_a-reent.o)
 .debug_info    0x0000000000014da9      0xa96 /usr/lib/gcc/arm-none-eabi/9.2.1/thumb/nofp/libgcc.a(_muldi3.o)
 .debug_info    0x000000000001583f      0xa12 /usr/lib/gcc/arm-none-eabi/9.2.1/../../../arm-none-eabi/lib/thumb/nofp/libnosys.a(gettod.o)

.debug_abbrev   0x0000000000000000     0x5010
 .debug_abbrev  0x0000000000000000      0x3d8 KTMP/app.o
 .debug_abbrev  0x00000000000003d8      0x56c KTMP/main.o
 .debug_abbrev  0x0000000000000944      0x46f KTMP/kernel.o
 .debug_abbrev  0x0000000000000db3      0x3dc KTMP/tcv.o
 .debug_abbrev  0x000000000000118f       0xc5 KTMP/startup_gcc.o
 .debug_abbrev  0x0000000000001254      0x11f KTMP/ccfg.o
 .debug_abbrev  0x0000000000001373      0x1f1 KTMP/pin_sensor.o
 .debug_abbrev  0x0000000000001564      0x1cb KTMP/buttons.o
 .debug_abbrev  0x000000000000172f      0x3a6 KTMP/storage_mx25r8035.o
 .debug_abbrev  0x0000000000001ad5      0x14f KTMP/ser_in.o
 .debug_abbrev  0x0000000000001c24      0x1ac KTMP/ser_outf.o
 .debug_abbrev  0x0000000000001dd0      0x19b KTMP/ser_inf.o
 .debug_abbrev  0x0000000000001f6b      0x44f KTMP/rfprop.o
 .debug_abbrev  0x00000000000023ba      0x232 KTMP/plug_null.o
 .debug_abbrev  0x00000000000025ec      0x174 KTMP/__outserial.o
 .debug_abbrev  0x0000000000002760      0x178 KTMP/__inserial.o
 .debug_abbrev  0x00000000000028d8      0x212 KTMP/vform.o
 .debug_abbrev  0x0000000000002aea      0x1bc KTMP/vscan.o
 .debug_abbrev  0x0000000000002ca6      0x225 KTMP/smartrf_settings_lp_hr.o
 .debug_abbrev  0x0000000000002ecb       0xec /home/martin/Desktop/OLSONET/PICOS/PicOS/CC13XX/CC13XXWARE/driverlib/bin/gcc/driverlib.lib(adi.o)
 .debug_abbrev  0x0000000000002fb7       0x6f /home/martin/Desktop/OLSONET/PICOS/PicOS/CC13XX/CC13XXWARE/driverlib/bin/gcc/driverlib.lib(aon_batmon.o)
 .debug_abbrev  0x0000000000003026       0xaa /home/martin/Desktop/OLSONET/PICOS/PicOS/CC13XX/CC13XXWARE/driverlib/bin/gcc/driverlib.lib(aon_rtc.o)
 .debug_abbrev  0x00000000000030d0       0xb0 /home/martin/Desktop/OLSONET/PICOS/PicOS/CC13XX/CC13XXWARE/driverlib/bin/gcc/driverlib.lib(cpu.o)
 .debug_abbrev  0x0000000000003180      0x25d /home/martin/Desktop/OLSONET/PICOS/PicOS/CC13XX/CC13XXWARE/driverlib/bin/gcc/driverlib.lib(osc.o)
 .debug_abbrev  0x00000000000033dd      0x220 /home/martin/Desktop/OLSONET/PICOS/PicOS/CC13XX/CC13XXWARE/driverlib/bin/gcc/driverlib.lib(rfc.o)
 .debug_abbrev  0x00000000000035fd      0x142 /home/martin/Desktop/OLSONET/PICOS/PicOS/CC13XX/CC13XXWARE/driverlib/bin/gcc/driverlib.lib(setup.o)
 .debug_abbrev  0x000000000000373f      0x261 /home/martin/Desktop/OLSONET/PICOS/PicOS/CC13XX/CC13XXWARE/driverlib/bin/gcc/driverlib.lib(setup_rom.o)
 .debug_abbrev  0x00000000000039a0      0x2ba /home/martin/Desktop/OLSONET/PICOS/PicOS/CC13XX/CC13XXWARE/driverlib/bin/gcc/driverlib.lib(sys_ctrl.o)
 .debug_abbrev  0x0000000000003c5a      0x1ce /home/martin/Desktop/OLSONET/PICOS/PicOS/CC13XX/CC13XXWARE/driverlib/bin/gcc/driverlib.lib(chipinfo.o)
 .debug_abbrev  0x0000000000003e28      0x154 /home/martin/Desktop/OLSONET/PICOS/PicOS/CC13XX/CC13XXWARE/driverlib/bin/gcc/driverlib.lib(ddi.o)
 .debug_abbrev  0x0000000000003f7c      0x223 /usr/lib/gcc/arm-none-eabi/9.2.1/../../../arm-none-eabi/lib/thumb/nofp/libg.a(lib_a-memcpy-stub.o)
 .debug_abbrev  0x000000000000419f      0x212 /usr/lib/gcc/arm-none-eabi/9.2.1/../../../arm-none-eabi/lib/thumb/nofp/libg.a(lib_a-rand.o)
 .debug_abbrev  0x00000000000043b1      0x222 /usr/lib/gcc/arm-none-eabi/9.2.1/../../../arm-none-eabi/lib/thumb/nofp/libg.a(lib_a-time.o)
 .debug_abbrev  0x00000000000045d3      0x239 /usr/lib/gcc/arm-none-eabi/9.2.1/../../../arm-none-eabi/lib/thumb/nofp/libg.a(lib_a-gettimeofdayr.o)
 .debug_abbrev  0x000000000000480c      0x1b8 /usr/lib/gcc/arm-none-eabi/9.2.1/../../../arm-none-eabi/lib/thumb/nofp/libg.a(lib_a-impure.o)
 .debug_abbrev  0x00000000000049c4      0x2ac /usr/lib/gcc/arm-none-eabi/9.2.1/../../../arm-none-eabi/lib/thumb/nofp/libg.a(lib_a-reent.o)
 .debug_abbrev  0x0000000000004c70      0x1a3 /usr/lib/gcc/arm-none-eabi/9.2.1/thumb/nofp/libgcc.a(_muldi3.o)
 .debug_abbrev  0x0000000000004e13      0x1fd /usr/lib/gcc/arm-none-eabi/9.2.1/../../../arm-none-eabi/lib/thumb/nofp/libnosys.a(gettod.o)

.debug_loc      0x0000000000000000     0x5ac6
 .debug_loc     0x0000000000000000       0xd1 KTMP/app.o
 .debug_loc     0x00000000000000d1      0x455 KTMP/main.o
 .debug_loc     0x0000000000000526      0xb51 KTMP/kernel.o
 .debug_loc     0x0000000000001077      0xeae KTMP/tcv.o
 .debug_loc     0x0000000000001f25       0x3c KTMP/startup_gcc.o
 .debug_loc     0x0000000000001f61       0x80 KTMP/pin_sensor.o
 .debug_loc     0x0000000000001fe1       0x70 KTMP/buttons.o
 .debug_loc     0x0000000000002051      0x234 KTMP/storage_mx25r8035.o
 .debug_loc     0x0000000000002285      0x112 KTMP/ser_in.o
 .debug_loc     0x0000000000002397       0x86 KTMP/ser_outf.o
 .debug_loc     0x000000000000241d       0x68 KTMP/ser_inf.o
 .debug_loc     0x0000000000002485      0x4a7 KTMP/rfprop.o
 .debug_loc     0x000000000000292c      0x108 KTMP/plug_null.o
 .debug_loc     0x0000000000002a34       0x66 KTMP/__outserial.o
 .debug_loc     0x0000000000002a9a       0x92 KTMP/__inserial.o
 .debug_loc     0x0000000000002b2c      0x3ac KTMP/vform.o
 .debug_loc     0x0000000000002ed8      0x3ee KTMP/vscan.o
 .debug_loc     0x00000000000032c6      0x115 /home/martin/Desktop/OLSONET/PICOS/PicOS/CC13XX/CC13XXWARE/driverlib/bin/gcc/driverlib.lib(adi.o)
 .debug_loc     0x00000000000033db       0x4e /home/martin/Desktop/OLSONET/PICOS/PicOS/CC13XX/CC13XXWARE/driverlib/bin/gcc/driverlib.lib(aon_batmon.o)
 .debug_loc     0x0000000000003429       0x26 /home/martin/Desktop/OLSONET/PICOS/PicOS/CC13XX/CC13XXWARE/driverlib/bin/gcc/driverlib.lib(aon_rtc.o)
 .debug_loc     0x000000000000344f      0x3b9 /home/martin/Desktop/OLSONET/PICOS/PicOS/CC13XX/CC13XXWARE/driverlib/bin/gcc/driverlib.lib(osc.o)
 .debug_loc     0x0000000000003808      0x29c /home/martin/Desktop/OLSONET/PICOS/PicOS/CC13XX/CC13XXWARE/driverlib/bin/gcc/driverlib.lib(rfc.o)
 .debug_loc     0x0000000000003aa4       0xbc /home/martin/Desktop/OLSONET/PICOS/PicOS/CC13XX/CC13XXWARE/driverlib/bin/gcc/driverlib.lib(setup.o)
 .debug_loc     0x0000000000003b60      0x9e8 /home/martin/Desktop/OLSONET/PICOS/PicOS/CC13XX/CC13XXWARE/driverlib/bin/gcc/driverlib.lib(setup_rom.o)
 .debug_loc     0x0000000000004548      0x44d /home/martin/Desktop/OLSONET/PICOS/PicOS/CC13XX/CC13XXWARE/driverlib/bin/gcc/driverlib.lib(sys_ctrl.o)
 .debug_loc     0x0000000000004995      0x11f /home/martin/Desktop/OLSONET/PICOS/PicOS/CC13XX/CC13XXWARE/driverlib/bin/gcc/driverlib.lib(chipinfo.o)
 .debug_loc     0x0000000000004ab4      0x79c /home/martin/Desktop/OLSONET/PICOS/PicOS/CC13XX/CC13XXWARE/driverlib/bin/gcc/driverlib.lib(ddi.o)
 .debug_loc     0x0000000000005250      0x481 /usr/lib/gcc/arm-none-eabi/9.2.1/../../../arm-none-eabi/lib/thumb/nofp/libg.a(lib_a-memcpy-stub.o)
 .debug_loc     0x00000000000056d1       0x56 /usr/lib/gcc/arm-none-eabi/9.2.1/../../../arm-none-eabi/lib/thumb/nofp/libg.a(lib_a-rand.o)
 .debug_loc     0x0000000000005727       0x3f /usr/lib/gcc/arm-none-eabi/9.2.1/../../../arm-none-eabi/lib/thumb/nofp/libg.a(lib_a-time.o)
 .debug_loc     0x0000000000005766       0xab /usr/lib/gcc/arm-none-eabi/9.2.1/../../../arm-none-eabi/lib/thumb/nofp/libg.a(lib_a-gettimeofdayr.o)
 .debug_loc     0x0000000000005811      0x111 /usr/lib/gcc/arm-none-eabi/9.2.1/../../../arm-none-eabi/lib/thumb/nofp/libg.a(lib_a-reent.o)
 .debug_loc     0x0000000000005922      0x17f /usr/lib/gcc/arm-none-eabi/9.2.1/thumb/nofp/libgcc.a(_muldi3.o)
 .debug_loc     0x0000000000005aa1       0x25 /usr/lib/gcc/arm-none-eabi/9.2.1/../../../arm-none-eabi/lib/thumb/nofp/libnosys.a(gettod.o)

.debug_aranges  0x0000000000000000      0xa88
 .debug_aranges
                0x0000000000000000       0x38 KTMP/app.o
 .debug_aranges
                0x0000000000000038       0xe8 KTMP/main.o
 .debug_aranges
                0x0000000000000120      0x158 KTMP/kernel.o
 .debug_aranges
                0x0000000000000278      0x108 KTMP/tcv.o
 .debug_aranges
                0x0000000000000380       0x38 KTMP/startup_gcc.o
 .debug_aranges
                0x00000000000003b8       0x18 KTMP/ccfg.o
 .debug_aranges
                0x00000000000003d0       0x28 KTMP/pin_sensor.o
 .debug_aranges
                0x00000000000003f8       0x28 KTMP/buttons.o
 .debug_aranges
                0x0000000000000420       0x90 KTMP/storage_mx25r8035.o
 .debug_aranges
                0x00000000000004b0       0x20 KTMP/ser_in.o
 .debug_aranges
                0x00000000000004d0       0x20 KTMP/ser_outf.o
 .debug_aranges
                0x00000000000004f0       0x20 KTMP/ser_inf.o
 .debug_aranges
                0x0000000000000510       0x70 KTMP/rfprop.o
 .debug_aranges
                0x0000000000000580       0x48 KTMP/plug_null.o
 .debug_aranges
                0x00000000000005c8       0x20 KTMP/__outserial.o
 .debug_aranges
                0x00000000000005e8       0x20 KTMP/__inserial.o
 .debug_aranges
                0x0000000000000608       0x30 KTMP/vform.o
 .debug_aranges
                0x0000000000000638       0x20 KTMP/vscan.o
 .debug_aranges
                0x0000000000000658       0x18 KTMP/smartrf_settings_lp_hr.o
 .debug_aranges
                0x0000000000000670       0x28 /home/martin/Desktop/OLSONET/PICOS/PicOS/CC13XX/CC13XXWARE/driverlib/bin/gcc/driverlib.lib(adi.o)
 .debug_aranges
                0x0000000000000698       0x20 /home/martin/Desktop/OLSONET/PICOS/PicOS/CC13XX/CC13XXWARE/driverlib/bin/gcc/driverlib.lib(aon_batmon.o)
 .debug_aranges
                0x00000000000006b8       0x28 /home/martin/Desktop/OLSONET/PICOS/PicOS/CC13XX/CC13XXWARE/driverlib/bin/gcc/driverlib.lib(aon_rtc.o)
 .debug_aranges
                0x00000000000006e0       0x40 /home/martin/Desktop/OLSONET/PICOS/PicOS/CC13XX/CC13XXWARE/driverlib/bin/gcc/driverlib.lib(cpu.o)
 .debug_aranges
                0x0000000000000720       0x68 /home/martin/Desktop/OLSONET/PICOS/PicOS/CC13XX/CC13XXWARE/driverlib/bin/gcc/driverlib.lib(osc.o)
 .debug_aranges
                0x0000000000000788       0x58 /home/martin/Desktop/OLSONET/PICOS/PicOS/CC13XX/CC13XXWARE/driverlib/bin/gcc/driverlib.lib(rfc.o)
 .debug_aranges
                0x00000000000007e0       0x28 /home/martin/Desktop/OLSONET/PICOS/PicOS/CC13XX/CC13XXWARE/driverlib/bin/gcc/driverlib.lib(setup.o)
 .debug_aranges
                0x0000000000000808       0xb8 /home/martin/Desktop/OLSONET/PICOS/PicOS/CC13XX/CC13XXWARE/driverlib/bin/gcc/driverlib.lib(setup_rom.o)
 .debug_aranges
                0x00000000000008c0       0x40 /home/martin/Desktop/OLSONET/PICOS/PicOS/CC13XX/CC13XXWARE/driverlib/bin/gcc/driverlib.lib(sys_ctrl.o)
 .debug_aranges
                0x0000000000000900       0x48 /home/martin/Desktop/OLSONET/PICOS/PicOS/CC13XX/CC13XXWARE/driverlib/bin/gcc/driverlib.lib(chipinfo.o)
 .debug_aranges
                0x0000000000000948       0x48 /home/martin/Desktop/OLSONET/PICOS/PicOS/CC13XX/CC13XXWARE/driverlib/bin/gcc/driverlib.lib(ddi.o)
 .debug_aranges
                0x0000000000000990       0x20 /usr/lib/gcc/arm-none-eabi/9.2.1/../../../arm-none-eabi/lib/thumb/nofp/libg.a(lib_a-memcpy-stub.o)
 .debug_aranges
                0x00000000000009b0       0x20 /usr/lib/gcc/arm-none-eabi/9.2.1/../../../arm-none-eabi/lib/thumb/nofp/libg.a(lib_a-rand.o)
 .debug_aranges
                0x00000000000009d0       0x20 /usr/lib/gcc/arm-none-eabi/9.2.1/../../../arm-none-eabi/lib/thumb/nofp/libg.a(lib_a-time.o)
 .debug_aranges
                0x00000000000009f0       0x20 /usr/lib/gcc/arm-none-eabi/9.2.1/../../../arm-none-eabi/lib/thumb/nofp/libg.a(lib_a-gettimeofdayr.o)
 .debug_aranges
                0x0000000000000a10       0x18 /usr/lib/gcc/arm-none-eabi/9.2.1/../../../arm-none-eabi/lib/thumb/nofp/libg.a(lib_a-impure.o)
 .debug_aranges
                0x0000000000000a28       0x20 /usr/lib/gcc/arm-none-eabi/9.2.1/../../../arm-none-eabi/lib/thumb/nofp/libg.a(lib_a-reent.o)
 .debug_aranges
                0x0000000000000a48       0x20 /usr/lib/gcc/arm-none-eabi/9.2.1/thumb/nofp/libgcc.a(_muldi3.o)
 .debug_aranges
                0x0000000000000a68       0x20 /usr/lib/gcc/arm-none-eabi/9.2.1/../../../arm-none-eabi/lib/thumb/nofp/libnosys.a(gettod.o)

.debug_ranges   0x0000000000000000     0x12d0
 .debug_ranges  0x0000000000000000       0x78 KTMP/app.o
 .debug_ranges  0x0000000000000078      0x540 KTMP/main.o
 .debug_ranges  0x00000000000005b8      0x1e8 KTMP/kernel.o
 .debug_ranges  0x00000000000007a0      0x130 KTMP/tcv.o
 .debug_ranges  0x00000000000008d0       0x28 KTMP/startup_gcc.o
 .debug_ranges  0x00000000000008f8       0x40 KTMP/pin_sensor.o
 .debug_ranges  0x0000000000000938       0x78 KTMP/buttons.o
 .debug_ranges  0x00000000000009b0      0x208 KTMP/storage_mx25r8035.o
 .debug_ranges  0x0000000000000bb8       0x10 KTMP/ser_in.o
 .debug_ranges  0x0000000000000bc8       0x10 KTMP/ser_outf.o
 .debug_ranges  0x0000000000000bd8       0x10 KTMP/ser_inf.o
 .debug_ranges  0x0000000000000be8      0x1d8 KTMP/rfprop.o
 .debug_ranges  0x0000000000000dc0       0x38 KTMP/plug_null.o
 .debug_ranges  0x0000000000000df8       0x28 KTMP/__outserial.o
 .debug_ranges  0x0000000000000e20       0x30 KTMP/__inserial.o
 .debug_ranges  0x0000000000000e50       0x98 KTMP/vform.o
 .debug_ranges  0x0000000000000ee8       0x98 KTMP/vscan.o
 .debug_ranges  0x0000000000000f80       0x18 /home/martin/Desktop/OLSONET/PICOS/PicOS/CC13XX/CC13XXWARE/driverlib/bin/gcc/driverlib.lib(adi.o)
 .debug_ranges  0x0000000000000f98       0x10 /home/martin/Desktop/OLSONET/PICOS/PicOS/CC13XX/CC13XXWARE/driverlib/bin/gcc/driverlib.lib(aon_batmon.o)
 .debug_ranges  0x0000000000000fa8       0x18 /home/martin/Desktop/OLSONET/PICOS/PicOS/CC13XX/CC13XXWARE/driverlib/bin/gcc/driverlib.lib(aon_rtc.o)
 .debug_ranges  0x0000000000000fc0       0x30 /home/martin/Desktop/OLSONET/PICOS/PicOS/CC13XX/CC13XXWARE/driverlib/bin/gcc/driverlib.lib(cpu.o)
 .debug_ranges  0x0000000000000ff0       0x70 /home/martin/Desktop/OLSONET/PICOS/PicOS/CC13XX/CC13XXWARE/driverlib/bin/gcc/driverlib.lib(osc.o)
 .debug_ranges  0x0000000000001060       0x48 /home/martin/Desktop/OLSONET/PICOS/PicOS/CC13XX/CC13XXWARE/driverlib/bin/gcc/driverlib.lib(rfc.o)
 .debug_ranges  0x00000000000010a8       0x18 /home/martin/Desktop/OLSONET/PICOS/PicOS/CC13XX/CC13XXWARE/driverlib/bin/gcc/driverlib.lib(setup.o)
 .debug_ranges  0x00000000000010c0       0xd8 /home/martin/Desktop/OLSONET/PICOS/PicOS/CC13XX/CC13XXWARE/driverlib/bin/gcc/driverlib.lib(setup_rom.o)
 .debug_ranges  0x0000000000001198       0x60 /home/martin/Desktop/OLSONET/PICOS/PicOS/CC13XX/CC13XXWARE/driverlib/bin/gcc/driverlib.lib(sys_ctrl.o)
 .debug_ranges  0x00000000000011f8       0x68 /home/martin/Desktop/OLSONET/PICOS/PicOS/CC13XX/CC13XXWARE/driverlib/bin/gcc/driverlib.lib(chipinfo.o)
 .debug_ranges  0x0000000000001260       0x38 /home/martin/Desktop/OLSONET/PICOS/PicOS/CC13XX/CC13XXWARE/driverlib/bin/gcc/driverlib.lib(ddi.o)
 .debug_ranges  0x0000000000001298       0x38 /usr/lib/gcc/arm-none-eabi/9.2.1/thumb/nofp/libgcc.a(_muldi3.o)

.debug_line     0x0000000000000000     0x91f4
 .debug_line    0x0000000000000000      0x524 KTMP/app.o
 .debug_line    0x0000000000000524     0x1560 KTMP/main.o
 .debug_line    0x0000000000001a84      0xee4 KTMP/kernel.o
 .debug_line    0x0000000000002968      0xcbb KTMP/tcv.o
 .debug_line    0x0000000000003623      0x127 KTMP/startup_gcc.o
 .debug_line    0x000000000000374a      0x189 KTMP/ccfg.o
 .debug_line    0x00000000000038d3      0x29d KTMP/pin_sensor.o
 .debug_line    0x0000000000003b70      0x340 KTMP/buttons.o
 .debug_line    0x0000000000003eb0      0x935 KTMP/storage_mx25r8035.o
 .debug_line    0x00000000000047e5      0x1c5 KTMP/ser_in.o
 .debug_line    0x00000000000049aa      0x1a2 KTMP/ser_outf.o
 .debug_line    0x0000000000004b4c      0x1b3 KTMP/ser_inf.o
 .debug_line    0x0000000000004cff      0xcad KTMP/rfprop.o
 .debug_line    0x00000000000059ac      0x2ac KTMP/plug_null.o
 .debug_line    0x0000000000005c58      0x1a5 KTMP/__outserial.o
 .debug_line    0x0000000000005dfd      0x24f KTMP/__inserial.o
 .debug_line    0x000000000000604c      0x3c1 KTMP/vform.o
 .debug_line    0x000000000000640d      0x2ca KTMP/vscan.o
 .debug_line    0x00000000000066d7      0x28d KTMP/smartrf_settings_lp_hr.o
 .debug_line    0x0000000000006964      0x1a0 /home/martin/Desktop/OLSONET/PICOS/PicOS/CC13XX/CC13XXWARE/driverlib/bin/gcc/driverlib.lib(adi.o)
 .debug_line    0x0000000000006b04      0x16b /home/martin/Desktop/OLSONET/PICOS/PicOS/CC13XX/CC13XXWARE/driverlib/bin/gcc/driverlib.lib(aon_batmon.o)
 .debug_line    0x0000000000006c6f      0x1ad /home/martin/Desktop/OLSONET/PICOS/PicOS/CC13XX/CC13XXWARE/driverlib/bin/gcc/driverlib.lib(aon_rtc.o)
 .debug_line    0x0000000000006e1c      0x1a0 /home/martin/Desktop/OLSONET/PICOS/PicOS/CC13XX/CC13XXWARE/driverlib/bin/gcc/driverlib.lib(cpu.o)
 .debug_line    0x0000000000006fbc      0x2da /home/martin/Desktop/OLSONET/PICOS/PicOS/CC13XX/CC13XXWARE/driverlib/bin/gcc/driverlib.lib(osc.o)
 .debug_line    0x0000000000007296      0x3ab /home/martin/Desktop/OLSONET/PICOS/PicOS/CC13XX/CC13XXWARE/driverlib/bin/gcc/driverlib.lib(rfc.o)
 .debug_line    0x0000000000007641      0x1ed /home/martin/Desktop/OLSONET/PICOS/PicOS/CC13XX/CC13XXWARE/driverlib/bin/gcc/driverlib.lib(setup.o)
 .debug_line    0x000000000000782e      0x45b /home/martin/Desktop/OLSONET/PICOS/PicOS/CC13XX/CC13XXWARE/driverlib/bin/gcc/driverlib.lib(setup_rom.o)
 .debug_line    0x0000000000007c89      0x369 /home/martin/Desktop/OLSONET/PICOS/PicOS/CC13XX/CC13XXWARE/driverlib/bin/gcc/driverlib.lib(sys_ctrl.o)
 .debug_line    0x0000000000007ff2      0x22f /home/martin/Desktop/OLSONET/PICOS/PicOS/CC13XX/CC13XXWARE/driverlib/bin/gcc/driverlib.lib(chipinfo.o)
 .debug_line    0x0000000000008221      0x222 /home/martin/Desktop/OLSONET/PICOS/PicOS/CC13XX/CC13XXWARE/driverlib/bin/gcc/driverlib.lib(ddi.o)
 .debug_line    0x0000000000008443      0x247 /usr/lib/gcc/arm-none-eabi/9.2.1/../../../arm-none-eabi/lib/thumb/nofp/libg.a(lib_a-memcpy-stub.o)
 .debug_line    0x000000000000868a      0x175 /usr/lib/gcc/arm-none-eabi/9.2.1/../../../arm-none-eabi/lib/thumb/nofp/libg.a(lib_a-rand.o)
 .debug_line    0x00000000000087ff      0x1c9 /usr/lib/gcc/arm-none-eabi/9.2.1/../../../arm-none-eabi/lib/thumb/nofp/libg.a(lib_a-time.o)
 .debug_line    0x00000000000089c8      0x1f1 /usr/lib/gcc/arm-none-eabi/9.2.1/../../../arm-none-eabi/lib/thumb/nofp/libg.a(lib_a-gettimeofdayr.o)
 .debug_line    0x0000000000008bb9       0xe0 /usr/lib/gcc/arm-none-eabi/9.2.1/../../../arm-none-eabi/lib/thumb/nofp/libg.a(lib_a-impure.o)
 .debug_line    0x0000000000008c99      0x208 /usr/lib/gcc/arm-none-eabi/9.2.1/../../../arm-none-eabi/lib/thumb/nofp/libg.a(lib_a-reent.o)
 .debug_line    0x0000000000008ea1      0x19f /usr/lib/gcc/arm-none-eabi/9.2.1/thumb/nofp/libgcc.a(_muldi3.o)
 .debug_line    0x0000000000009040      0x1b4 /usr/lib/gcc/arm-none-eabi/9.2.1/../../../arm-none-eabi/lib/thumb/nofp/libnosys.a(gettod.o)

.debug_str      0x0000000000000000     0x5615
 .debug_str     0x0000000000000000      0xa75 KTMP/app.o
                                        0xb7f (size before relaxing)
 .debug_str     0x0000000000000a75      0x550 KTMP/main.o
                                        0x8e1 (size before relaxing)
 .debug_str     0x0000000000000fc5      0x245 KTMP/kernel.o
                                        0x63a (size before relaxing)
 .debug_str     0x000000000000120a      0x262 KTMP/tcv.o
                                        0x677 (size before relaxing)
 .debug_str     0x000000000000146c       0xb7 KTMP/startup_gcc.o
                                        0x275 (size before relaxing)
 .debug_str     0x0000000000001523      0x1d6 KTMP/ccfg.o
                                        0x534 (size before relaxing)
 .debug_str     0x00000000000016f9       0x76 KTMP/pin_sensor.o
                                        0x401 (size before relaxing)
 .debug_str     0x000000000000176f       0x76 KTMP/buttons.o
                                        0x3f8 (size before relaxing)
 .debug_str     0x00000000000017e5      0x10c KTMP/storage_mx25r8035.o
                                        0x4dc (size before relaxing)
 .debug_str     0x00000000000018f1       0x50 KTMP/ser_in.o
                                        0x390 (size before relaxing)
 .debug_str     0x0000000000001941       0x4a KTMP/ser_outf.o
                                        0x3b0 (size before relaxing)
 .debug_str     0x000000000000198b       0x48 KTMP/ser_inf.o
                                        0x3b8 (size before relaxing)
 .debug_str     0x00000000000019d3      0x874 KTMP/rfprop.o
                                       0x1029 (size before relaxing)
 .debug_str     0x0000000000002247       0x70 KTMP/plug_null.o
                                        0x446 (size before relaxing)
 .debug_str     0x00000000000022b7       0x61 KTMP/__outserial.o
                                        0x3a4 (size before relaxing)
 .debug_str     0x0000000000002318       0x4e KTMP/__inserial.o
                                        0x3a9 (size before relaxing)
 .debug_str     0x0000000000002366       0x5c KTMP/vform.o
                                        0x3c5 (size before relaxing)
 .debug_str     0x00000000000023c2       0x5f KTMP/vscan.o
                                        0x3c8 (size before relaxing)
 .debug_str     0x0000000000002421       0x5e KTMP/smartrf_settings_lp_hr.o
                                        0xbb9 (size before relaxing)
 .debug_str     0x000000000000247f      0x1a9 /home/martin/Desktop/OLSONET/PICOS/PicOS/CC13XX/CC13XXWARE/driverlib/bin/gcc/driverlib.lib(adi.o)
                                        0x259 (size before relaxing)
 .debug_str     0x0000000000002628       0x7e /home/martin/Desktop/OLSONET/PICOS/PicOS/CC13XX/CC13XXWARE/driverlib/bin/gcc/driverlib.lib(aon_batmon.o)
                                        0x221 (size before relaxing)
 .debug_str     0x00000000000026a6       0xce /home/martin/Desktop/OLSONET/PICOS/PicOS/CC13XX/CC13XXWARE/driverlib/bin/gcc/driverlib.lib(aon_rtc.o)
                                        0x27f (size before relaxing)
 .debug_str     0x0000000000002774       0x61 /home/martin/Desktop/OLSONET/PICOS/PicOS/CC13XX/CC13XXWARE/driverlib/bin/gcc/driverlib.lib(cpu.o)
                                        0x227 (size before relaxing)
 .debug_str     0x00000000000027d5      0x5c7 /home/martin/Desktop/OLSONET/PICOS/PicOS/CC13XX/CC13XXWARE/driverlib/bin/gcc/driverlib.lib(osc.o)
                                        0x822 (size before relaxing)
 .debug_str     0x0000000000002d9c      0x1c9 /home/martin/Desktop/OLSONET/PICOS/PicOS/CC13XX/CC13XXWARE/driverlib/bin/gcc/driverlib.lib(rfc.o)
                                        0x603 (size before relaxing)
 .debug_str     0x0000000000002f65      0x203 /home/martin/Desktop/OLSONET/PICOS/PicOS/CC13XX/CC13XXWARE/driverlib/bin/gcc/driverlib.lib(setup.o)
                                        0x3ab (size before relaxing)
 .debug_str     0x0000000000003168      0x4b8 /home/martin/Desktop/OLSONET/PICOS/PicOS/CC13XX/CC13XXWARE/driverlib/bin/gcc/driverlib.lib(setup_rom.o)
                                        0x792 (size before relaxing)
 .debug_str     0x0000000000003620      0x26f /home/martin/Desktop/OLSONET/PICOS/PicOS/CC13XX/CC13XXWARE/driverlib/bin/gcc/driverlib.lib(sys_ctrl.o)
                                        0x7e2 (size before relaxing)
 .debug_str     0x000000000000388f      0x3c3 /home/martin/Desktop/OLSONET/PICOS/PicOS/CC13XX/CC13XXWARE/driverlib/bin/gcc/driverlib.lib(chipinfo.o)
                                        0x5ae (size before relaxing)
 .debug_str     0x0000000000003c52       0xf2 /home/martin/Desktop/OLSONET/PICOS/PicOS/CC13XX/CC13XXWARE/driverlib/bin/gcc/driverlib.lib(ddi.o)
                                        0x316 (size before relaxing)
 .debug_str     0x0000000000003d44      0x3da /usr/lib/gcc/arm-none-eabi/9.2.1/../../../arm-none-eabi/lib/thumb/nofp/libg.a(lib_a-memcpy-stub.o)
                                        0x8f0 (size before relaxing)
 .debug_str     0x000000000000411e       0x89 /usr/lib/gcc/arm-none-eabi/9.2.1/../../../arm-none-eabi/lib/thumb/nofp/libg.a(lib_a-rand.o)
                                        0x5b2 (size before relaxing)
 .debug_str     0x00000000000041a7       0xc8 /usr/lib/gcc/arm-none-eabi/9.2.1/../../../arm-none-eabi/lib/thumb/nofp/libg.a(lib_a-time.o)
                                        0x607 (size before relaxing)
 .debug_str     0x000000000000426f       0xab /usr/lib/gcc/arm-none-eabi/9.2.1/../../../arm-none-eabi/lib/thumb/nofp/libg.a(lib_a-gettimeofdayr.o)
                                        0x634 (size before relaxing)
 .debug_str     0x000000000000431a       0x3c /usr/lib/gcc/arm-none-eabi/9.2.1/../../../arm-none-eabi/lib/thumb/nofp/libg.a(lib_a-impure.o)
                                        0x59e (size before relaxing)
 .debug_str     0x0000000000004356       0x63 /usr/lib/gcc/arm-none-eabi/9.2.1/../../../arm-none-eabi/lib/thumb/nofp/libg.a(lib_a-reent.o)
                                        0x5da (size before relaxing)
 .debug_str     0x00000000000043b9     0x113d /usr/lib/gcc/arm-none-eabi/9.2.1/thumb/nofp/libgcc.a(_muldi3.o)
                                       0x11d0 (size before relaxing)
 .debug_str     0x00000000000054f6      0x11f /usr/lib/gcc/arm-none-eabi/9.2.1/../../../arm-none-eabi/lib/thumb/nofp/libnosys.a(gettod.o)
                                        0x61e (size before relaxing)

.comment        0x0000000000000000      0x117
 .comment       0x0000000000000000       0x59 KTMP/app.o
                                         0x5a (size before relaxing)
 .comment       0x0000000000000059       0x5a KTMP/main.o
 .comment       0x0000000000000059       0x5a KTMP/kernel.o
 .comment       0x0000000000000059       0x5a KTMP/tcv.o
 .comment       0x0000000000000059       0x5a KTMP/startup_gcc.o
 .comment       0x0000000000000059       0x5a KTMP/ccfg.o
 .comment       0x0000000000000059       0x5a KTMP/pin_sensor.o
 .comment       0x0000000000000059       0x5a KTMP/buttons.o
 .comment       0x0000000000000059       0x5a KTMP/storage_mx25r8035.o
 .comment       0x0000000000000059       0x5a KTMP/ser_in.o
 .comment       0x0000000000000059       0x5a KTMP/ser_outf.o
 .comment       0x0000000000000059       0x5a KTMP/ser_inf.o
 .comment       0x0000000000000059       0x5a KTMP/rfprop.o
 .comment       0x0000000000000059       0x5a KTMP/plug_null.o
 .comment       0x0000000000000059       0x5a KTMP/__outserial.o
 .comment       0x0000000000000059       0x5a KTMP/__inserial.o
 .comment       0x0000000000000059       0x5a KTMP/vform.o
 .comment       0x0000000000000059       0x5a KTMP/vscan.o
 .comment       0x0000000000000059       0x5a KTMP/smartrf_settings_lp_hr.o
 .comment       0x0000000000000059       0x70 /home/martin/Desktop/OLSONET/PICOS/PicOS/CC13XX/CC13XXWARE/driverlib/bin/gcc/driverlib.lib(adi.o)
                                         0x71 (size before relaxing)
 .comment       0x00000000000000c9       0x71 /home/martin/Desktop/OLSONET/PICOS/PicOS/CC13XX/CC13XXWARE/driverlib/bin/gcc/driverlib.lib(aon_batmon.o)
 .comment       0x00000000000000c9       0x71 /home/martin/Desktop/OLSONET/PICOS/PicOS/CC13XX/CC13XXWARE/driverlib/bin/gcc/driverlib.lib(aon_rtc.o)
 .comment       0x00000000000000c9       0x71 /home/martin/Desktop/OLSONET/PICOS/PicOS/CC13XX/CC13XXWARE/driverlib/bin/gcc/driverlib.lib(cpu.o)
 .comment       0x00000000000000c9       0x71 /home/martin/Desktop/OLSONET/PICOS/PicOS/CC13XX/CC13XXWARE/driverlib/bin/gcc/driverlib.lib(osc.o)
 .comment       0x00000000000000c9       0x71 /home/martin/Desktop/OLSONET/PICOS/PicOS/CC13XX/CC13XXWARE/driverlib/bin/gcc/driverlib.lib(rfc.o)
 .comment       0x00000000000000c9       0x71 /home/martin/Desktop/OLSONET/PICOS/PicOS/CC13XX/CC13XXWARE/driverlib/bin/gcc/driverlib.lib(setup.o)
 .comment       0x00000000000000c9       0x71 /home/martin/Desktop/OLSONET/PICOS/PicOS/CC13XX/CC13XXWARE/driverlib/bin/gcc/driverlib.lib(setup_rom.o)
 .comment       0x00000000000000c9       0x71 /home/martin/Desktop/OLSONET/PICOS/PicOS/CC13XX/CC13XXWARE/driverlib/bin/gcc/driverlib.lib(sys_ctrl.o)
 .comment       0x00000000000000c9       0x71 /home/martin/Desktop/OLSONET/PICOS/PicOS/CC13XX/CC13XXWARE/driverlib/bin/gcc/driverlib.lib(chipinfo.o)
 .comment       0x00000000000000c9       0x71 /home/martin/Desktop/OLSONET/PICOS/PicOS/CC13XX/CC13XXWARE/driverlib/bin/gcc/driverlib.lib(ddi.o)
 .comment       0x00000000000000c9       0x4e /usr/lib/gcc/arm-none-eabi/9.2.1/../../../arm-none-eabi/lib/thumb/nofp/libg.a(lib_a-memcpy-stub.o)
                                         0x4f (size before relaxing)
 .comment       0x0000000000000117       0x4f /usr/lib/gcc/arm-none-eabi/9.2.1/../../../arm-none-eabi/lib/thumb/nofp/libg.a(lib_a-rand.o)
 .comment       0x0000000000000117       0x4f /usr/lib/gcc/arm-none-eabi/9.2.1/../../../arm-none-eabi/lib/thumb/nofp/libg.a(lib_a-time.o)
 .comment       0x0000000000000117       0x4f /usr/lib/gcc/arm-none-eabi/9.2.1/../../../arm-none-eabi/lib/thumb/nofp/libg.a(lib_a-gettimeofdayr.o)
 .comment       0x0000000000000117       0x4f /usr/lib/gcc/arm-none-eabi/9.2.1/../../../arm-none-eabi/lib/thumb/nofp/libg.a(lib_a-impure.o)
 .comment       0x0000000000000117       0x4f /usr/lib/gcc/arm-none-eabi/9.2.1/../../../arm-none-eabi/lib/thumb/nofp/libg.a(lib_a-reent.o)
 .comment       0x0000000000000117       0x5a /usr/lib/gcc/arm-none-eabi/9.2.1/thumb/nofp/libgcc.a(_muldi3.o)
 .comment       0x0000000000000117       0x4f /usr/lib/gcc/arm-none-eabi/9.2.1/../../../arm-none-eabi/lib/thumb/nofp/libnosys.a(gettod.o)

.ARM.attributes
                0x0000000000000000       0x2f
 .ARM.attributes
                0x0000000000000000       0x2d KTMP/app.o
 .ARM.attributes
                0x000000000000002d       0x2d KTMP/main.o
 .ARM.attributes
                0x000000000000005a       0x2d KTMP/kernel.o
 .ARM.attributes
                0x0000000000000087       0x2d KTMP/tcv.o
 .ARM.attributes
                0x00000000000000b4       0x2d KTMP/startup_gcc.o
 .ARM.attributes
                0x00000000000000e1       0x33 KTMP/ccfg.o
 .ARM.attributes
                0x0000000000000114       0x2d KTMP/pin_sensor.o
 .ARM.attributes
                0x0000000000000141       0x2d KTMP/buttons.o
 .ARM.attributes
                0x000000000000016e       0x2d KTMP/storage_mx25r8035.o
 .ARM.attributes
                0x000000000000019b       0x2d KTMP/ser_in.o
 .ARM.attributes
                0x00000000000001c8       0x2d KTMP/ser_outf.o
 .ARM.attributes
                0x00000000000001f5       0x2d KTMP/ser_inf.o
 .ARM.attributes
                0x0000000000000222       0x2d KTMP/rfprop.o
 .ARM.attributes
                0x000000000000024f       0x2d KTMP/plug_null.o
 .ARM.attributes
                0x000000000000027c       0x2d KTMP/__outserial.o
 .ARM.attributes
                0x00000000000002a9       0x2d KTMP/__inserial.o
 .ARM.attributes
                0x00000000000002d6       0x2d KTMP/vform.o
 .ARM.attributes
                0x0000000000000303       0x2d KTMP/vscan.o
 .ARM.attributes
                0x0000000000000330       0x33 KTMP/smartrf_settings_lp_hr.o
 .ARM.attributes
                0x0000000000000363       0x33 /home/martin/Desktop/OLSONET/PICOS/PicOS/CC13XX/CC13XXWARE/driverlib/bin/gcc/driverlib.lib(adi.o)
 .ARM.attributes
                0x0000000000000396       0x33 /home/martin/Desktop/OLSONET/PICOS/PicOS/CC13XX/CC13XXWARE/driverlib/bin/gcc/driverlib.lib(aon_batmon.o)
 .ARM.attributes
                0x00000000000003c9       0x33 /home/martin/Desktop/OLSONET/PICOS/PicOS/CC13XX/CC13XXWARE/driverlib/bin/gcc/driverlib.lib(aon_rtc.o)
 .ARM.attributes
                0x00000000000003fc       0x33 /home/martin/Desktop/OLSONET/PICOS/PicOS/CC13XX/CC13XXWARE/driverlib/bin/gcc/driverlib.lib(cpu.o)
 .ARM.attributes
                0x000000000000042f       0x33 /home/martin/Desktop/OLSONET/PICOS/PicOS/CC13XX/CC13XXWARE/driverlib/bin/gcc/driverlib.lib(osc.o)
 .ARM.attributes
                0x0000000000000462       0x33 /home/martin/Desktop/OLSONET/PICOS/PicOS/CC13XX/CC13XXWARE/driverlib/bin/gcc/driverlib.lib(rfc.o)
 .ARM.attributes
                0x0000000000000495       0x33 /home/martin/Desktop/OLSONET/PICOS/PicOS/CC13XX/CC13XXWARE/driverlib/bin/gcc/driverlib.lib(setup.o)
 .ARM.attributes
                0x00000000000004c8       0x33 /home/martin/Desktop/OLSONET/PICOS/PicOS/CC13XX/CC13XXWARE/driverlib/bin/gcc/driverlib.lib(setup_rom.o)
 .ARM.attributes
                0x00000000000004fb       0x33 /home/martin/Desktop/OLSONET/PICOS/PicOS/CC13XX/CC13XXWARE/driverlib/bin/gcc/driverlib.lib(sys_ctrl.o)
 .ARM.attributes
                0x000000000000052e       0x33 /home/martin/Desktop/OLSONET/PICOS/PicOS/CC13XX/CC13XXWARE/driverlib/bin/gcc/driverlib.lib(chipinfo.o)
 .ARM.attributes
                0x0000000000000561       0x33 /home/martin/Desktop/OLSONET/PICOS/PicOS/CC13XX/CC13XXWARE/driverlib/bin/gcc/driverlib.lib(ddi.o)
 .ARM.attributes
                0x0000000000000594       0x2a /usr/lib/gcc/arm-none-eabi/9.2.1/../../../arm-none-eabi/lib/thumb/nofp/libg.a(lib_a-memcpy-stub.o)
 .ARM.attributes
                0x00000000000005be       0x2a /usr/lib/gcc/arm-none-eabi/9.2.1/../../../arm-none-eabi/lib/thumb/nofp/libg.a(lib_a-rand.o)
 .ARM.attributes
                0x00000000000005e8       0x2a /usr/lib/gcc/arm-none-eabi/9.2.1/../../../arm-none-eabi/lib/thumb/nofp/libg.a(lib_a-time.o)
 .ARM.attributes
                0x0000000000000612       0x2a /usr/lib/gcc/arm-none-eabi/9.2.1/../../../arm-none-eabi/lib/thumb/nofp/libg.a(lib_a-gettimeofdayr.o)
 .ARM.attributes
                0x000000000000063c       0x30 /usr/lib/gcc/arm-none-eabi/9.2.1/../../../arm-none-eabi/lib/thumb/nofp/libg.a(lib_a-impure.o)
 .ARM.attributes
                0x000000000000066c       0x2a /usr/lib/gcc/arm-none-eabi/9.2.1/../../../arm-none-eabi/lib/thumb/nofp/libg.a(lib_a-reent.o)
 .ARM.attributes
                0x0000000000000696       0x2a /usr/lib/gcc/arm-none-eabi/9.2.1/thumb/nofp/libgcc.a(_muldi3.o)
 .ARM.attributes
                0x00000000000006c0       0x2a /usr/lib/gcc/arm-none-eabi/9.2.1/../../../arm-none-eabi/lib/thumb/nofp/libnosys.a(gettod.o)

.debug_frame    0x0000000000000000     0x18a0
 .debug_frame   0x0000000000000000       0x88 KTMP/app.o
 .debug_frame   0x0000000000000088      0x2bc KTMP/main.o
 .debug_frame   0x0000000000000344      0x3d4 KTMP/kernel.o
 .debug_frame   0x0000000000000718      0x360 KTMP/tcv.o
 .debug_frame   0x0000000000000a78       0x58 KTMP/startup_gcc.o
 .debug_frame   0x0000000000000ad0       0x3c KTMP/pin_sensor.o
 .debug_frame   0x0000000000000b0c       0x68 KTMP/buttons.o
 .debug_frame   0x0000000000000b74      0x194 KTMP/storage_mx25r8035.o
 .debug_frame   0x0000000000000d08       0x30 KTMP/ser_in.o
 .debug_frame   0x0000000000000d38       0x44 KTMP/ser_outf.o
 .debug_frame   0x0000000000000d7c       0x44 KTMP/ser_inf.o
 .debug_frame   0x0000000000000dc0      0x170 KTMP/rfprop.o
 .debug_frame   0x0000000000000f30       0x84 KTMP/plug_null.o
 .debug_frame   0x0000000000000fb4       0x3c KTMP/__outserial.o
 .debug_frame   0x0000000000000ff0       0x3c KTMP/__inserial.o
 .debug_frame   0x000000000000102c       0x6c KTMP/vform.o
 .debug_frame   0x0000000000001098       0x34 KTMP/vscan.o
 .debug_frame   0x00000000000010cc       0x64 /home/martin/Desktop/OLSONET/PICOS/PicOS/CC13XX/CC13XXWARE/driverlib/bin/gcc/driverlib.lib(adi.o)
 .debug_frame   0x0000000000001130       0x20 /home/martin/Desktop/OLSONET/PICOS/PicOS/CC13XX/CC13XXWARE/driverlib/bin/gcc/driverlib.lib(aon_batmon.o)
 .debug_frame   0x0000000000001150       0x30 /home/martin/Desktop/OLSONET/PICOS/PicOS/CC13XX/CC13XXWARE/driverlib/bin/gcc/driverlib.lib(aon_rtc.o)
 .debug_frame   0x0000000000001180       0x60 /home/martin/Desktop/OLSONET/PICOS/PicOS/CC13XX/CC13XXWARE/driverlib/bin/gcc/driverlib.lib(cpu.o)
 .debug_frame   0x00000000000011e0      0x104 /home/martin/Desktop/OLSONET/PICOS/PicOS/CC13XX/CC13XXWARE/driverlib/bin/gcc/driverlib.lib(osc.o)
 .debug_frame   0x00000000000012e4       0xb0 /home/martin/Desktop/OLSONET/PICOS/PicOS/CC13XX/CC13XXWARE/driverlib/bin/gcc/driverlib.lib(rfc.o)
 .debug_frame   0x0000000000001394       0x44 /home/martin/Desktop/OLSONET/PICOS/PicOS/CC13XX/CC13XXWARE/driverlib/bin/gcc/driverlib.lib(setup.o)
 .debug_frame   0x00000000000013d8      0x194 /home/martin/Desktop/OLSONET/PICOS/PicOS/CC13XX/CC13XXWARE/driverlib/bin/gcc/driverlib.lib(setup_rom.o)
 .debug_frame   0x000000000000156c       0x9c /home/martin/Desktop/OLSONET/PICOS/PicOS/CC13XX/CC13XXWARE/driverlib/bin/gcc/driverlib.lib(sys_ctrl.o)
 .debug_frame   0x0000000000001608       0x8c /home/martin/Desktop/OLSONET/PICOS/PicOS/CC13XX/CC13XXWARE/driverlib/bin/gcc/driverlib.lib(chipinfo.o)
 .debug_frame   0x0000000000001694       0xac /home/martin/Desktop/OLSONET/PICOS/PicOS/CC13XX/CC13XXWARE/driverlib/bin/gcc/driverlib.lib(ddi.o)
 .debug_frame   0x0000000000001740       0x34 /usr/lib/gcc/arm-none-eabi/9.2.1/../../../arm-none-eabi/lib/thumb/nofp/libg.a(lib_a-memcpy-stub.o)
 .debug_frame   0x0000000000001774       0x38 /usr/lib/gcc/arm-none-eabi/9.2.1/../../../arm-none-eabi/lib/thumb/nofp/libg.a(lib_a-rand.o)
 .debug_frame   0x00000000000017ac       0x2c /usr/lib/gcc/arm-none-eabi/9.2.1/../../../arm-none-eabi/lib/thumb/nofp/libg.a(lib_a-time.o)
 .debug_frame   0x00000000000017d8       0x2c /usr/lib/gcc/arm-none-eabi/9.2.1/../../../arm-none-eabi/lib/thumb/nofp/libg.a(lib_a-gettimeofdayr.o)
 .debug_frame   0x0000000000001804       0x48 /usr/lib/gcc/arm-none-eabi/9.2.1/../../../arm-none-eabi/lib/thumb/nofp/libg.a(lib_a-reent.o)
 .debug_frame   0x000000000000184c       0x34 /usr/lib/gcc/arm-none-eabi/9.2.1/thumb/nofp/libgcc.a(_muldi3.o)
 .debug_frame   0x0000000000001880       0x20 /usr/lib/gcc/arm-none-eabi/9.2.1/../../../arm-none-eabi/lib/thumb/nofp/libnosys.a(gettod.o)

.stab           0x0000000000000000       0x24
 .stab          0x0000000000000000       0x24 /usr/lib/gcc/arm-none-eabi/9.2.1/../../../arm-none-eabi/lib/thumb/nofp/libnosys.a(gettod.o)

.stabstr        0x0000000000000000       0x4e
 .stabstr       0x0000000000000000       0x4e /usr/lib/gcc/arm-none-eabi/9.2.1/../../../arm-none-eabi/lib/thumb/nofp/libnosys.a(gettod.o)
